[    0.000000] Linux version 4.10.0-38-generic (buildd@lgw01-amd64-059) (gcc version 5.4.0 20160609 (Ubuntu 5.4.0-6ubuntu1~16.04.4) ) #42~16.04.1-Ubuntu SMP Tue Oct 10 16:32:20 UTC 2017 (Ubuntu 4.10.0-38.42~16.04.1-generic 4.10.17)
[    0.000000] Command line: BOOT_IMAGE=/boot/vmlinuz-4.10.0-38-generic root=UUID=5779d815-3f99-43c7-b1a0-deb28c77a835 ro quiet splash vt.handoff=7
[    0.000000] KERNEL supported cpus:
[    0.000000]   Intel GenuineIntel
[    0.000000]   AMD AuthenticAMD
[    0.000000]   Centaur CentaurHauls
[    0.000000] x86/fpu: Supporting XSAVE feature 0x001: 'x87 floating point registers'
[    0.000000] x86/fpu: Supporting XSAVE feature 0x002: 'SSE registers'
[    0.000000] x86/fpu: Supporting XSAVE feature 0x004: 'AVX registers'
[    0.000000] x86/fpu: xstate_offset[2]:  576, xstate_sizes[2]:  256
[    0.000000] x86/fpu: Enabled xstate features 0x7, context size is 832 bytes, using 'standard' format.
[    0.000000] e820: BIOS-provided physical RAM map:
[    0.000000] BIOS-e820: [mem 0x0000000000000000-0x000000000009d7ff] usable
[    0.000000] BIOS-e820: [mem 0x000000000009d800-0x000000000009ffff] reserved
[    0.000000] BIOS-e820: [mem 0x00000000000e0000-0x00000000000fffff] reserved
[    0.000000] BIOS-e820: [mem 0x0000000000100000-0x00000000dddbbfff] usable
[    0.000000] BIOS-e820: [mem 0x00000000dddbc000-0x00000000ddf33fff] reserved
[    0.000000] BIOS-e820: [mem 0x00000000ddf34000-0x00000000ddf48fff] ACPI data
[    0.000000] BIOS-e820: [mem 0x00000000ddf49000-0x00000000ddfe9fff] reserved
[    0.000000] BIOS-e820: [mem 0x00000000ddfea000-0x00000000ddff1fff] ACPI data
[    0.000000] BIOS-e820: [mem 0x00000000ddff2000-0x00000000de263fff] usable
[    0.000000] BIOS-e820: [mem 0x00000000de264000-0x00000000dea93fff] ACPI NVS
[    0.000000] BIOS-e820: [mem 0x00000000dea94000-0x00000000df042fff] reserved
[    0.000000] BIOS-e820: [mem 0x00000000df043000-0x00000000df043fff] usable
[    0.000000] BIOS-e820: [mem 0x00000000df044000-0x00000000df086fff] ACPI NVS
[    0.000000] BIOS-e820: [mem 0x00000000df087000-0x00000000df4aefff] usable
[    0.000000] BIOS-e820: [mem 0x00000000df4af000-0x00000000df7f2fff] reserved
[    0.000000] BIOS-e820: [mem 0x00000000df7f3000-0x00000000df7fffff] usable
[    0.000000] BIOS-e820: [mem 0x00000000f8000000-0x00000000fbffffff] reserved
[    0.000000] BIOS-e820: [mem 0x00000000fec00000-0x00000000fec00fff] reserved
[    0.000000] BIOS-e820: [mem 0x00000000fed00000-0x00000000fed03fff] reserved
[    0.000000] BIOS-e820: [mem 0x00000000fed1c000-0x00000000fed1ffff] reserved
[    0.000000] BIOS-e820: [mem 0x00000000fee00000-0x00000000fee00fff] reserved
[    0.000000] BIOS-e820: [mem 0x00000000ff000000-0x00000000ffffffff] reserved
[    0.000000] BIOS-e820: [mem 0x0000000100000000-0x000000041dffffff] usable
[    0.000000] NX (Execute Disable) protection: active
[    0.000000] SMBIOS 2.7 present.
[    0.000000] DMI: LENOVO 36901A0/MAHOBAY, BIOS 9SKT56AUS 11/14/2012
[    0.000000] e820: update [mem 0x00000000-0x00000fff] usable ==> reserved
[    0.000000] e820: remove [mem 0x000a0000-0x000fffff] usable
[    0.000000] e820: last_pfn = 0x41e000 max_arch_pfn = 0x400000000
[    0.000000] MTRR default type: uncachable
[    0.000000] MTRR fixed ranges enabled:
[    0.000000]   00000-9FFFF write-back
[    0.000000]   A0000-BFFFF uncachable
[    0.000000]   C0000-CFFFF write-protect
[    0.000000]   D0000-E7FFF uncachable
[    0.000000]   E8000-FFFFF write-protect
[    0.000000] MTRR variable ranges enabled:
[    0.000000]   0 base 000000000 mask C00000000 write-back
[    0.000000]   1 base 400000000 mask FF0000000 write-back
[    0.000000]   2 base 410000000 mask FF8000000 write-back
[    0.000000]   3 base 418000000 mask FFC000000 write-back
[    0.000000]   4 base 41C000000 mask FFE000000 write-back
[    0.000000]   5 base 0E0000000 mask FE0000000 uncachable
[    0.000000]   6 disabled
[    0.000000]   7 disabled
[    0.000000]   8 disabled
[    0.000000]   9 disabled
[    0.000000] x86/PAT: Configuration [0-7]: WB  WC  UC- UC  WB  WC  UC- WT  
[    0.000000] total RAM covered: 16352M
[    0.000000] Found optimal setting for mtrr clean up
[    0.000000]  gran_size: 64K 	chunk_size: 64M 	num_reg: 7  	lose cover RAM: 0G
[    0.000000] e820: update [mem 0xe0000000-0xffffffff] usable ==> reserved
[    0.000000] e820: last_pfn = 0xdf800 max_arch_pfn = 0x400000000
[    0.000000] found SMP MP-table at [mem 0x000fce00-0x000fce0f] mapped at [ffff8ae6800fce00]
[    0.000000] Scanning 1 areas for low memory corruption
[    0.000000] Base memory trampoline at [ffff8ae680097000] 97000 size 24576
[    0.000000] BRK [0xd4a28000, 0xd4a28fff] PGTABLE
[    0.000000] BRK [0xd4a29000, 0xd4a29fff] PGTABLE
[    0.000000] BRK [0xd4a2a000, 0xd4a2afff] PGTABLE
[    0.000000] BRK [0xd4a2b000, 0xd4a2bfff] PGTABLE
[    0.000000] BRK [0xd4a2c000, 0xd4a2cfff] PGTABLE
[    0.000000] BRK [0xd4a2d000, 0xd4a2dfff] PGTABLE
[    0.000000] BRK [0xd4a2e000, 0xd4a2efff] PGTABLE
[    0.000000] BRK [0xd4a2f000, 0xd4a2ffff] PGTABLE
[    0.000000] BRK [0xd4a30000, 0xd4a30fff] PGTABLE
[    0.000000] BRK [0xd4a31000, 0xd4a31fff] PGTABLE
[    0.000000] BRK [0xd4a32000, 0xd4a32fff] PGTABLE
[    0.000000] BRK [0xd4a33000, 0xd4a33fff] PGTABLE
[    0.000000] RAMDISK: [mem 0x3302e000-0x3580efff]
[    0.000000] ACPI: Early table checksum verification disabled
[    0.000000] ACPI: RSDP 0x00000000000F0450 000024 (v02 LENOVO)
[    0.000000] ACPI: XSDT 0x00000000DDF34080 000084 (v01 LENOVO TC-9S    00001380 AMI  00010013)
[    0.000000] ACPI: FACP 0x00000000DDF46430 0000F4 (v04 LENOVO TC-9S    00001380 AMI  00010013)
[    0.000000] ACPI: DSDT 0x00000000DDF34198 012295 (v02 LENOVO TC-9S    00001380 INTL 20051117)
[    0.000000] ACPI: FACS 0x00000000DEA81F80 000040
[    0.000000] ACPI: APIC 0x00000000DDF46528 000092 (v03 LENOVO TC-9S    00001380 AMI  00010013)
[    0.000000] ACPI: FPDT 0x00000000DDF465C0 000044 (v01 LENOVO TC-9S    00001380 AMI  00010013)
[    0.000000] ACPI: MCFG 0x00000000DDF46608 00003C (v01 LENOVO TC-9S    00001380 MSFT 00000097)
[    0.000000] ACPI: SLIC 0x00000000DDF46648 000176 (v01 LENOVO TC-9S    00001380 AMI  00010013)
[    0.000000] ACPI: HPET 0x00000000DDF467C0 000038 (v01 LENOVO TC-9S    00001380 AMI. 00000005)
[    0.000000] ACPI: SSDT 0x00000000DDF467F8 00036D (v01 LENOVO TC-9S    00001380 INTL 20091112)
[    0.000000] ACPI: SSDT 0x00000000DDF46B68 0009AA (v01 LENOVO TC-9S    00001380 INTL 20051117)
[    0.000000] ACPI: SSDT 0x00000000DDF47518 000B22 (v01 LENOVO TC-9S    00001380 INTL 20051117)
[    0.000000] ACPI: ASF! 0x00000000DDF48040 0000A5 (v32 LENOVO TC-9S    00001380 TFSM 000F4240)
[    0.000000] ACPI: BGRT 0x00000000DDF480E8 000038 (v00 LENOVO TC-9S    00001380 AMI  00010013)
[    0.000000] ACPI: TCPA 0x00000000DDF48120 000032 (v02 LENOVO TC-9S    00001380 MSFT 01000013)
[    0.000000] ACPI: Local APIC address 0xfee00000
[    0.000000] No NUMA configuration found
[    0.000000] Faking a node at [mem 0x0000000000000000-0x000000041dffffff]
[    0.000000] NODE_DATA(0) allocated [mem 0x41dfc7000-0x41dff1fff]
[    0.000000] Zone ranges:
[    0.000000]   DMA      [mem 0x0000000000001000-0x0000000000ffffff]
[    0.000000]   DMA32    [mem 0x0000000001000000-0x00000000ffffffff]
[    0.000000]   Normal   [mem 0x0000000100000000-0x000000041dffffff]
[    0.000000]   Device   empty
[    0.000000] Movable zone start for each node
[    0.000000] Early memory node ranges
[    0.000000]   node   0: [mem 0x0000000000001000-0x000000000009cfff]
[    0.000000]   node   0: [mem 0x0000000000100000-0x00000000dddbbfff]
[    0.000000]   node   0: [mem 0x00000000ddff2000-0x00000000de263fff]
[    0.000000]   node   0: [mem 0x00000000df043000-0x00000000df043fff]
[    0.000000]   node   0: [mem 0x00000000df087000-0x00000000df4aefff]
[    0.000000]   node   0: [mem 0x00000000df7f3000-0x00000000df7fffff]
[    0.000000]   node   0: [mem 0x0000000100000000-0x000000041dffffff]
[    0.000000] Initmem setup node 0 [mem 0x0000000000001000-0x000000041dffffff]
[    0.000000] On node 0 totalpages: 4178944
[    0.000000]   DMA zone: 64 pages used for memmap
[    0.000000]   DMA zone: 21 pages reserved
[    0.000000]   DMA zone: 3996 pages, LIFO batch:0
[    0.000000]   DMA32 zone: 14162 pages used for memmap
[    0.000000]   DMA32 zone: 906340 pages, LIFO batch:31
[    0.000000]   Normal zone: 51072 pages used for memmap
[    0.000000]   Normal zone: 3268608 pages, LIFO batch:31
[    0.000000] ACPI: PM-Timer IO Port: 0x408
[    0.000000] ACPI: Local APIC address 0xfee00000
[    0.000000] ACPI: LAPIC_NMI (acpi_id[0xff] high edge lint[0x1])
[    0.000000] IOAPIC[0]: apic_id 2, version 32, address 0xfec00000, GSI 0-23
[    0.000000] ACPI: INT_SRC_OVR (bus 0 bus_irq 0 global_irq 2 dfl dfl)
[    0.000000] ACPI: INT_SRC_OVR (bus 0 bus_irq 9 global_irq 9 high level)
[    0.000000] ACPI: IRQ0 used by override.
[    0.000000] ACPI: IRQ9 used by override.
[    0.000000] Using ACPI (MADT) for SMP configuration information
[    0.000000] ACPI: HPET id: 0x8086a701 base: 0xfed00000
[    0.000000] smpboot: Allowing 8 CPUs, 0 hotplug CPUs
[    0.000000] PM: Registered nosave memory: [mem 0x00000000-0x00000fff]
[    0.000000] PM: Registered nosave memory: [mem 0x0009d000-0x0009dfff]
[    0.000000] PM: Registered nosave memory: [mem 0x0009e000-0x0009ffff]
[    0.000000] PM: Registered nosave memory: [mem 0x000a0000-0x000dffff]
[    0.000000] PM: Registered nosave memory: [mem 0x000e0000-0x000fffff]
[    0.000000] PM: Registered nosave memory: [mem 0xdddbc000-0xddf33fff]
[    0.000000] PM: Registered nosave memory: [mem 0xddf34000-0xddf48fff]
[    0.000000] PM: Registered nosave memory: [mem 0xddf49000-0xddfe9fff]
[    0.000000] PM: Registered nosave memory: [mem 0xddfea000-0xddff1fff]
[    0.000000] PM: Registered nosave memory: [mem 0xde264000-0xdea93fff]
[    0.000000] PM: Registered nosave memory: [mem 0xdea94000-0xdf042fff]
[    0.000000] PM: Registered nosave memory: [mem 0xdf044000-0xdf086fff]
[    0.000000] PM: Registered nosave memory: [mem 0xdf4af000-0xdf7f2fff]
[    0.000000] PM: Registered nosave memory: [mem 0xdf800000-0xf7ffffff]
[    0.000000] PM: Registered nosave memory: [mem 0xf8000000-0xfbffffff]
[    0.000000] PM: Registered nosave memory: [mem 0xfc000000-0xfebfffff]
[    0.000000] PM: Registered nosave memory: [mem 0xfec00000-0xfec00fff]
[    0.000000] PM: Registered nosave memory: [mem 0xfec01000-0xfecfffff]
[    0.000000] PM: Registered nosave memory: [mem 0xfed00000-0xfed03fff]
[    0.000000] PM: Registered nosave memory: [mem 0xfed04000-0xfed1bfff]
[    0.000000] PM: Registered nosave memory: [mem 0xfed1c000-0xfed1ffff]
[    0.000000] PM: Registered nosave memory: [mem 0xfed20000-0xfedfffff]
[    0.000000] PM: Registered nosave memory: [mem 0xfee00000-0xfee00fff]
[    0.000000] PM: Registered nosave memory: [mem 0xfee01000-0xfeffffff]
[    0.000000] PM: Registered nosave memory: [mem 0xff000000-0xffffffff]
[    0.000000] e820: [mem 0xdf800000-0xf7ffffff] available for PCI devices
[    0.000000] Booting paravirtualized kernel on bare hardware
[    0.000000] clocksource: refined-jiffies: mask: 0xffffffff max_cycles: 0xffffffff, max_idle_ns: 7645519600211568 ns
[    0.000000] setup_percpu: NR_CPUS:8192 nr_cpumask_bits:8 nr_cpu_ids:8 nr_node_ids:1
[    0.000000] percpu: Embedded 36 pages/cpu @ffff8aea9dc00000 s107992 r8192 d31272 u262144
[    0.000000] pcpu-alloc: s107992 r8192 d31272 u262144 alloc=1*2097152
[    0.000000] pcpu-alloc: [0] 0 1 2 3 4 5 6 7 
[    0.000000] Built 1 zonelists in Node order, mobility grouping on.  Total pages: 4113625
[    0.000000] Policy zone: Normal
[    0.000000] Kernel command line: BOOT_IMAGE=/boot/vmlinuz-4.10.0-38-generic root=UUID=5779d815-3f99-43c7-b1a0-deb28c77a835 ro quiet splash vt.handoff=7
[    0.000000] PID hash table entries: 4096 (order: 3, 32768 bytes)
[    0.000000] Calgary: detecting Calgary via BIOS EBDA area
[    0.000000] Calgary: Unable to locate Rio Grande table in EBDA - bailing!
[    0.000000] Memory: 16324628K/16715776K available (9070K kernel code, 1667K rwdata, 3828K rodata, 2228K init, 2364K bss, 391148K reserved, 0K cma-reserved)
[    0.000000] SLUB: HWalign=64, Order=0-3, MinObjects=0, CPUs=8, Nodes=1
[    0.000000] Hierarchical RCU implementation.
[    0.000000] 	Build-time adjustment of leaf fanout to 64.
[    0.000000] 	RCU restricting CPUs from NR_CPUS=8192 to nr_cpu_ids=8.
[    0.000000] RCU: Adjusting geometry for rcu_fanout_leaf=64, nr_cpu_ids=8
[    0.000000] NR_IRQS:524544 nr_irqs:488 16
[    0.000000] vt handoff: transparent VT on vt#7
[    0.000000] Console: colour dummy device 80x25
[    0.000000] console [tty0] enabled
[    0.000000] clocksource: hpet: mask: 0xffffffff max_cycles: 0xffffffff, max_idle_ns: 133484882848 ns
[    0.000000] hpet clockevent registered
[    0.000000] tsc: Fast TSC calibration using PIT
[    0.000000] tsc: Detected 3392.098 MHz processor
[    0.000019] Calibrating delay loop (skipped), value calculated using timer frequency.. 6784.19 BogoMIPS (lpj=13568392)
[    0.000020] pid_max: default: 32768 minimum: 301
[    0.000027] ACPI: Core revision 20160930
[    0.006270] ACPI: 4 ACPI AML tables successfully acquired and loaded
[    0.006290] Security Framework initialized
[    0.006291] Yama: becoming mindful.
[    0.006303] AppArmor: AppArmor initialized
[    0.006891] Dentry cache hash table entries: 2097152 (order: 12, 16777216 bytes)
[    0.009705] Inode-cache hash table entries: 1048576 (order: 11, 8388608 bytes)
[    0.010962] Mount-cache hash table entries: 32768 (order: 6, 262144 bytes)
[    0.010972] Mountpoint-cache hash table entries: 32768 (order: 6, 262144 bytes)
[    0.011176] CPU: Physical Processor ID: 0
[    0.011177] CPU: Processor Core ID: 0
[    0.011180] ENERGY_PERF_BIAS: Set to 'normal', was 'performance'
[    0.011180] ENERGY_PERF_BIAS: View and update with x86_energy_perf_policy(8)
[    0.011183] mce: CPU supports 9 MCE banks
[    0.011189] CPU0: Thermal monitoring enabled (TM1)
[    0.011198] process: using mwait in idle threads
[    0.011200] Last level iTLB entries: 4KB 512, 2MB 8, 4MB 8
[    0.011201] Last level dTLB entries: 4KB 512, 2MB 32, 4MB 32, 1GB 0
[    0.011294] Freeing SMP alternatives memory: 32K
[    0.015163] ftrace: allocating 34229 entries in 134 pages
[    0.026251] smpboot: Max logical packages: 2
[    0.026325] x2apic: IRQ remapping doesn't support X2APIC mode
[    0.026764] ..TIMER: vector=0x30 apic1=0 pin1=2 apic2=-1 pin2=-1
[    0.066452] TSC deadline timer enabled
[    0.066455] smpboot: CPU0: Intel(R) Core(TM) i7-3770 CPU @ 3.40GHz (family: 0x6, model: 0x3a, stepping: 0x9)
[    0.066491] Performance Events: PEBS fmt1+, IvyBridge events, 16-deep LBR, full-width counters, Intel PMU driver.
[    0.066505] ... version:                3
[    0.066505] ... bit width:              48
[    0.066505] ... generic registers:      4
[    0.066506] ... value mask:             0000ffffffffffff
[    0.066506] ... max period:             00007fffffffffff
[    0.066506] ... fixed-purpose events:   3
[    0.066507] ... event mask:             000000070000000f
[    0.067111] NMI watchdog: enabled on all CPUs, permanently consumes one hw-PMU counter.
[    0.067122] smp: Bringing up secondary CPUs ...
[    0.067172] x86: Booting SMP configuration:
[    0.067173] .... node  #0, CPUs:      #1 #2 #3 #4 #5 #6 #7
[    0.084198] smp: Brought up 1 node, 8 CPUs
[    0.084199] smpboot: Total of 8 processors activated (54273.56 BogoMIPS)
[    0.091050] devtmpfs: initialized
[    0.091092] x86/mm: Memory block size: 128MB
[    0.093327] evm: security.selinux
[    0.093328] evm: security.SMACK64
[    0.093328] evm: security.SMACK64EXEC
[    0.093328] evm: security.SMACK64TRANSMUTE
[    0.093328] evm: security.SMACK64MMAP
[    0.093329] evm: security.ima
[    0.093329] evm: security.capability
[    0.093375] PM: Registering ACPI NVS region [mem 0xde264000-0xdea93fff] (8585216 bytes)
[    0.093453] PM: Registering ACPI NVS region [mem 0xdf044000-0xdf086fff] (274432 bytes)
[    0.093495] clocksource: jiffies: mask: 0xffffffff max_cycles: 0xffffffff, max_idle_ns: 7645041785100000 ns
[    0.093505] futex hash table entries: 2048 (order: 5, 131072 bytes)
[    0.093544] pinctrl core: initialized pinctrl subsystem
[    0.093627] RTC time:  3:57:15, date: 11/17/17
[    0.093687] NET: Registered protocol family 16
[    0.106637] cpuidle: using governor ladder
[    0.122643] cpuidle: using governor menu
[    0.122645] PCCT header not found.
[    0.122689] ACPI: bus type PCI registered
[    0.122690] acpiphp: ACPI Hot Plug PCI Controller Driver version: 0.5
[    0.122746] PCI: MMCONFIG for domain 0000 [bus 00-3f] at [mem 0xf8000000-0xfbffffff] (base 0xf8000000)
[    0.122747] PCI: MMCONFIG at [mem 0xf8000000-0xfbffffff] reserved in E820
[    0.122755] PCI: Using configuration type 1 for base access
[    0.122798] core: PMU erratum BJ122, BV98, HSD29 worked around, HT is on
[    0.138787] HugeTLB registered 2 MB page size, pre-allocated 0 pages
[    0.138961] ACPI: Added _OSI(Module Device)
[    0.138962] ACPI: Added _OSI(Processor Device)
[    0.138962] ACPI: Added _OSI(3.0 _SCP Extensions)
[    0.138962] ACPI: Added _OSI(Processor Aggregator Device)
[    0.139118] ACPI: Executed 1 blocks of module-level executable AML code
[    0.143607] ACPI: Dynamic OEM Table Load:
[    0.143613] ACPI: SSDT 0xFFFF8AEA8ACFE000 00083B (v01 PmRef  Cpu0Cst  00003001 INTL 20051117)
[    0.143879] ACPI: Dynamic OEM Table Load:
[    0.143882] ACPI: SSDT 0xFFFF8AEA8AD19C00 000303 (v01 PmRef  ApIst    00003000 INTL 20051117)
[    0.144091] ACPI: Dynamic OEM Table Load:
[    0.144094] ACPI: SSDT 0xFFFF8AEA8AD26E00 000119 (v01 PmRef  ApCst    00003000 INTL 20051117)
[    0.145651] ACPI: Interpreter enabled
[    0.145670] ACPI: (supports S0 S3 S4 S5)
[    0.145670] ACPI: Using IOAPIC for interrupt routing
[    0.145690] PCI: Using host bridge windows from ACPI; if necessary, use "pci=nocrs" and report a bug
[    0.150795] ACPI: Power Resource [FN00] (off)
[    0.150848] ACPI: Power Resource [FN01] (off)
[    0.150901] ACPI: Power Resource [FN02] (off)
[    0.150954] ACPI: Power Resource [FN03] (off)
[    0.151005] ACPI: Power Resource [FN04] (off)
[    0.151289] ACPI: [Firmware Bug]: BIOS _OSI(Linux) query ignored
[    0.151534] ACPI: PCI Root Bridge [PCI0] (domain 0000 [bus 00-3e])
[    0.151537] acpi PNP0A08:00: _OSC: OS supports [ExtendedConfig ASPM ClockPM Segments MSI]
[    0.151694] acpi PNP0A08:00: _OSC: platform does not support [PCIeHotplug PME]
[    0.151779] acpi PNP0A08:00: _OSC: OS now controls [AER PCIeCapability]
[    0.152114] PCI host bridge to bus 0000:00
[    0.152116] pci_bus 0000:00: root bus resource [io  0x0000-0x0cf7 window]
[    0.152116] pci_bus 0000:00: root bus resource [io  0x0d00-0xffff window]
[    0.152117] pci_bus 0000:00: root bus resource [mem 0x000a0000-0x000bffff window]
[    0.152118] pci_bus 0000:00: root bus resource [mem 0x000d0000-0x000d3fff window]
[    0.152119] pci_bus 0000:00: root bus resource [mem 0x000d4000-0x000d7fff window]
[    0.152119] pci_bus 0000:00: root bus resource [mem 0x000d8000-0x000dbfff window]
[    0.152120] pci_bus 0000:00: root bus resource [mem 0x000dc000-0x000dffff window]
[    0.152121] pci_bus 0000:00: root bus resource [mem 0x000e0000-0x000e3fff window]
[    0.152121] pci_bus 0000:00: root bus resource [mem 0x000e4000-0x000e7fff window]
[    0.152122] pci_bus 0000:00: root bus resource [mem 0xe0000000-0xfeafffff window]
[    0.152123] pci_bus 0000:00: root bus resource [mem 0x41e000000-0x81dffffff window]
[    0.152124] pci_bus 0000:00: root bus resource [bus 00-3e]
[    0.152129] pci 0000:00:00.0: [8086:0150] type 00 class 0x060000
[    0.152201] pci 0000:00:01.0: [8086:0151] type 01 class 0x060400
[    0.152224] pci 0000:00:01.0: PME# supported from D0 D3hot D3cold
[    0.152258] pci 0000:00:01.0: System wakeup disabled by ACPI
[    0.152308] pci 0000:00:14.0: [8086:1e31] type 00 class 0x0c0330
[    0.152327] pci 0000:00:14.0: reg 0x10: [mem 0xf7120000-0xf712ffff 64bit]
[    0.152390] pci 0000:00:14.0: PME# supported from D3hot D3cold
[    0.152426] pci 0000:00:14.0: System wakeup disabled by ACPI
[    0.152455] pci 0000:00:16.0: [8086:1e3a] type 00 class 0x078000
[    0.152474] pci 0000:00:16.0: reg 0x10: [mem 0xf713c000-0xf713c00f 64bit]
[    0.152542] pci 0000:00:16.0: PME# supported from D0 D3hot D3cold
[    0.152603] pci 0000:00:16.3: [8086:1e3d] type 00 class 0x070002
[    0.152618] pci 0000:00:16.3: reg 0x10: [io  0xf0a0-0xf0a7]
[    0.152626] pci 0000:00:16.3: reg 0x14: [mem 0xf713a000-0xf713afff]
[    0.152748] pci 0000:00:19.0: [8086:1502] type 00 class 0x020000
[    0.152762] pci 0000:00:19.0: reg 0x10: [mem 0xf7100000-0xf711ffff]
[    0.152770] pci 0000:00:19.0: reg 0x14: [mem 0xf7139000-0xf7139fff]
[    0.152777] pci 0000:00:19.0: reg 0x18: [io  0xf040-0xf05f]
[    0.152832] pci 0000:00:19.0: PME# supported from D0 D3hot D3cold
[    0.152866] pci 0000:00:19.0: System wakeup disabled by ACPI
[    0.152895] pci 0000:00:1a.0: [8086:1e2d] type 00 class 0x0c0320
[    0.152911] pci 0000:00:1a.0: reg 0x10: [mem 0xf7138000-0xf71383ff]
[    0.152988] pci 0000:00:1a.0: PME# supported from D0 D3hot D3cold
[    0.153037] pci 0000:00:1a.0: System wakeup disabled by ACPI
[    0.153066] pci 0000:00:1b.0: [8086:1e20] type 00 class 0x040300
[    0.153080] pci 0000:00:1b.0: reg 0x10: [mem 0xf7130000-0xf7133fff 64bit]
[    0.153146] pci 0000:00:1b.0: PME# supported from D0 D3hot D3cold
[    0.153186] pci 0000:00:1b.0: System wakeup disabled by ACPI
[    0.153214] pci 0000:00:1d.0: [8086:1e26] type 00 class 0x0c0320
[    0.153230] pci 0000:00:1d.0: reg 0x10: [mem 0xf7137000-0xf71373ff]
[    0.153307] pci 0000:00:1d.0: PME# supported from D0 D3hot D3cold
[    0.153353] pci 0000:00:1d.0: System wakeup disabled by ACPI
[    0.153381] pci 0000:00:1e.0: [8086:244e] type 01 class 0x060401
[    0.153454] pci 0000:00:1e.0: System wakeup disabled by ACPI
[    0.153479] pci 0000:00:1f.0: [8086:1e53] type 00 class 0x060100
[    0.153627] pci 0000:00:1f.2: [8086:1e02] type 00 class 0x010601
[    0.153640] pci 0000:00:1f.2: reg 0x10: [io  0xf090-0xf097]
[    0.153646] pci 0000:00:1f.2: reg 0x14: [io  0xf080-0xf083]
[    0.153652] pci 0000:00:1f.2: reg 0x18: [io  0xf070-0xf077]
[    0.153658] pci 0000:00:1f.2: reg 0x1c: [io  0xf060-0xf063]
[    0.153665] pci 0000:00:1f.2: reg 0x20: [io  0xf020-0xf03f]
[    0.153672] pci 0000:00:1f.2: reg 0x24: [mem 0xf7136000-0xf71367ff]
[    0.153708] pci 0000:00:1f.2: PME# supported from D3hot
[    0.153766] pci 0000:00:1f.3: [8086:1e22] type 00 class 0x0c0500
[    0.153780] pci 0000:00:1f.3: reg 0x10: [mem 0xf7135000-0xf71350ff 64bit]
[    0.153798] pci 0000:00:1f.3: reg 0x20: [io  0xf000-0xf01f]
[    0.153894] pci 0000:01:00.0: [10de:0df8] type 00 class 0x030000
[    0.153903] pci 0000:01:00.0: reg 0x10: [mem 0xf6000000-0xf6ffffff]
[    0.153910] pci 0000:01:00.0: reg 0x14: [mem 0xe8000000-0xefffffff 64bit pref]
[    0.153917] pci 0000:01:00.0: reg 0x1c: [mem 0xf0000000-0xf1ffffff 64bit pref]
[    0.153922] pci 0000:01:00.0: reg 0x24: [io  0xe000-0xe07f]
[    0.153927] pci 0000:01:00.0: reg 0x30: [mem 0xf7000000-0xf707ffff pref]
[    0.153991] pci 0000:01:00.1: [10de:0bea] type 00 class 0x040300
[    0.153999] pci 0000:01:00.1: reg 0x10: [mem 0xf7080000-0xf7083fff]
[    0.162678] pci 0000:00:01.0: PCI bridge to [bus 01]
[    0.162681] pci 0000:00:01.0:   bridge window [io  0xe000-0xefff]
[    0.162684] pci 0000:00:01.0:   bridge window [mem 0xf6000000-0xf70fffff]
[    0.162687] pci 0000:00:01.0:   bridge window [mem 0xe8000000-0xf1ffffff 64bit pref]
[    0.162769] pci 0000:00:1e.0: PCI bridge to [bus 02] (subtractive decode)
[    0.162778] pci 0000:00:1e.0:   bridge window [io  0x0000-0x0cf7 window] (subtractive decode)
[    0.162778] pci 0000:00:1e.0:   bridge window [io  0x0d00-0xffff window] (subtractive decode)
[    0.162779] pci 0000:00:1e.0:   bridge window [mem 0x000a0000-0x000bffff window] (subtractive decode)
[    0.162780] pci 0000:00:1e.0:   bridge window [mem 0x000d0000-0x000d3fff window] (subtractive decode)
[    0.162781] pci 0000:00:1e.0:   bridge window [mem 0x000d4000-0x000d7fff window] (subtractive decode)
[    0.162782] pci 0000:00:1e.0:   bridge window [mem 0x000d8000-0x000dbfff window] (subtractive decode)
[    0.162783] pci 0000:00:1e.0:   bridge window [mem 0x000dc000-0x000dffff window] (subtractive decode)
[    0.162784] pci 0000:00:1e.0:   bridge window [mem 0x000e0000-0x000e3fff window] (subtractive decode)
[    0.162784] pci 0000:00:1e.0:   bridge window [mem 0x000e4000-0x000e7fff window] (subtractive decode)
[    0.162785] pci 0000:00:1e.0:   bridge window [mem 0xe0000000-0xfeafffff window] (subtractive decode)
[    0.162786] pci 0000:00:1e.0:   bridge window [mem 0x41e000000-0x81dffffff window] (subtractive decode)
[    0.163296] ACPI: PCI Interrupt Link [LNKA] (IRQs 3 4 5 6 10 *11 12 14 15)
[    0.163335] ACPI: PCI Interrupt Link [LNKB] (IRQs 3 4 5 6 *10 11 12 14 15)
[    0.163373] ACPI: PCI Interrupt Link [LNKC] (IRQs 3 4 *5 6 10 11 12 14 15)
[    0.163411] ACPI: PCI Interrupt Link [LNKD] (IRQs 3 4 *5 6 10 11 12 14 15)
[    0.163449] ACPI: PCI Interrupt Link [LNKE] (IRQs *3 4 5 6 10 11 12 14 15)
[    0.163485] ACPI: PCI Interrupt Link [LNKF] (IRQs 3 4 5 6 10 11 12 14 15) *0, disabled.
[    0.163522] ACPI: PCI Interrupt Link [LNKG] (IRQs 3 4 5 6 10 *11 12 14 15)
[    0.163560] ACPI: PCI Interrupt Link [LNKH] (IRQs 3 4 5 6 *10 11 12 14 15)
[    0.163759] ACPI: Enabled 5 GPEs in block 00 to 3F
[    0.163963] SCSI subsystem initialized
[    0.163998] libata version 3.00 loaded.
[    0.164029] pci 0000:01:00.0: vgaarb: setting as boot VGA device
[    0.164030] pci 0000:01:00.0: vgaarb: VGA device added: decodes=io+mem,owns=io+mem,locks=none
[    0.164031] pci 0000:01:00.0: vgaarb: bridge control possible
[    0.164031] vgaarb: loaded
[    0.164049] ACPI: bus type USB registered
[    0.164060] usbcore: registered new interface driver usbfs
[    0.164065] usbcore: registered new interface driver hub
[    0.164080] usbcore: registered new device driver usb
[    0.164146] PCI: Using ACPI for IRQ routing
[    0.165561] PCI: pci_cache_line_size set to 64 bytes
[    0.165599] e820: reserve RAM buffer [mem 0x0009d800-0x0009ffff]
[    0.165600] e820: reserve RAM buffer [mem 0xdddbc000-0xdfffffff]
[    0.165601] e820: reserve RAM buffer [mem 0xde264000-0xdfffffff]
[    0.165602] e820: reserve RAM buffer [mem 0xdf044000-0xdfffffff]
[    0.165603] e820: reserve RAM buffer [mem 0xdf4af000-0xdfffffff]
[    0.165603] e820: reserve RAM buffer [mem 0xdf800000-0xdfffffff]
[    0.165604] e820: reserve RAM buffer [mem 0x41e000000-0x41fffffff]
[    0.165669] NetLabel: Initializing
[    0.165670] NetLabel:  domain hash size = 128
[    0.165670] NetLabel:  protocols = UNLABELED CIPSOv4 CALIPSO
[    0.165680] NetLabel:  unlabeled traffic allowed by default
[    0.165738] hpet0: at MMIO 0xfed00000, IRQs 2, 8, 0, 0, 0, 0, 0, 0
[    0.165741] hpet0: 8 comparators, 64-bit 14.318180 MHz counter
[    0.167763] clocksource: Switched to clocksource hpet
[    0.172982] VFS: Disk quotas dquot_6.6.0
[    0.172997] VFS: Dquot-cache hash table entries: 512 (order 0, 4096 bytes)
[    0.173062] AppArmor: AppArmor Filesystem Enabled
[    0.173098] pnp: PnP ACPI init
[    0.173209] system 00:00: [io  0x0680-0x069f] has been reserved
[    0.173210] system 00:00: [io  0x0200-0x020f] has been reserved
[    0.173211] system 00:00: [io  0xffff] has been reserved
[    0.173211] system 00:00: [io  0xffff] has been reserved
[    0.173212] system 00:00: [io  0x0400-0x0453] has been reserved
[    0.173213] system 00:00: [io  0x0458-0x047f] has been reserved
[    0.173214] system 00:00: [io  0x0500-0x057f] has been reserved
[    0.173215] system 00:00: [io  0x164e-0x164f] has been reserved
[    0.173217] system 00:00: Plug and Play ACPI device, IDs PNP0c02 (active)
[    0.173235] pnp 00:01: Plug and Play ACPI device, IDs PNP0b00 (active)
[    0.173267] system 00:02: [io  0x0454-0x0457] has been reserved
[    0.173268] system 00:02: Plug and Play ACPI device, IDs INT3f0d PNP0c02 (active)
[    0.173374] system 00:03: [io  0x0a00-0x0a2f] has been reserved
[    0.173374] system 00:03: [io  0x0a30-0x0a3f] has been reserved
[    0.173375] system 00:03: [io  0x0a40-0x0a4f] has been reserved
[    0.173376] system 00:03: [io  0x0218-0x0219] has been reserved
[    0.173378] system 00:03: Plug and Play ACPI device, IDs PNP0c02 (active)
[    0.173417] system 00:04: [io  0x04d0-0x04d1] has been reserved
[    0.173418] system 00:04: Plug and Play ACPI device, IDs PNP0c02 (active)
[    0.173560] pnp 00:05: [dma 0 disabled]
[    0.173588] pnp 00:05: Plug and Play ACPI device, IDs PNP0501 (active)
[    0.173794] pnp 00:06: Plug and Play ACPI device, IDs PNP0c31 (active)
[    0.173936] system 00:07: [mem 0xfed1c000-0xfed1ffff] has been reserved
[    0.173937] system 00:07: [mem 0xfed10000-0xfed17fff] has been reserved
[    0.173938] system 00:07: [mem 0xfed18000-0xfed18fff] has been reserved
[    0.173939] system 00:07: [mem 0xfed19000-0xfed19fff] has been reserved
[    0.173940] system 00:07: [mem 0xf8000000-0xfbffffff] has been reserved
[    0.173941] system 00:07: [mem 0xfed20000-0xfed3ffff] has been reserved
[    0.173942] system 00:07: [mem 0xfed90000-0xfed93fff] has been reserved
[    0.173942] system 00:07: [mem 0xfed45000-0xfed8ffff] has been reserved
[    0.173943] system 00:07: [mem 0xff000000-0xffffffff] has been reserved
[    0.173944] system 00:07: [mem 0xfee00000-0xfeefffff] could not be reserved
[    0.173945] system 00:07: [mem 0xe0000000-0xe0000fff] has been reserved
[    0.173947] system 00:07: Plug and Play ACPI device, IDs PNP0c02 (active)
[    0.174077] pnp: PnP ACPI: found 8 devices
[    0.179988] clocksource: acpi_pm: mask: 0xffffff max_cycles: 0xffffff, max_idle_ns: 2085701024 ns
[    0.180005] pci 0000:00:01.0: PCI bridge to [bus 01]
[    0.180007] pci 0000:00:01.0:   bridge window [io  0xe000-0xefff]
[    0.180009] pci 0000:00:01.0:   bridge window [mem 0xf6000000-0xf70fffff]
[    0.180010] pci 0000:00:01.0:   bridge window [mem 0xe8000000-0xf1ffffff 64bit pref]
[    0.180013] pci 0000:00:1e.0: PCI bridge to [bus 02]
[    0.180025] pci_bus 0000:00: resource 4 [io  0x0000-0x0cf7 window]
[    0.180026] pci_bus 0000:00: resource 5 [io  0x0d00-0xffff window]
[    0.180027] pci_bus 0000:00: resource 6 [mem 0x000a0000-0x000bffff window]
[    0.180028] pci_bus 0000:00: resource 7 [mem 0x000d0000-0x000d3fff window]
[    0.180028] pci_bus 0000:00: resource 8 [mem 0x000d4000-0x000d7fff window]
[    0.180029] pci_bus 0000:00: resource 9 [mem 0x000d8000-0x000dbfff window]
[    0.180030] pci_bus 0000:00: resource 10 [mem 0x000dc000-0x000dffff window]
[    0.180031] pci_bus 0000:00: resource 11 [mem 0x000e0000-0x000e3fff window]
[    0.180031] pci_bus 0000:00: resource 12 [mem 0x000e4000-0x000e7fff window]
[    0.180032] pci_bus 0000:00: resource 13 [mem 0xe0000000-0xfeafffff window]
[    0.180033] pci_bus 0000:00: resource 14 [mem 0x41e000000-0x81dffffff window]
[    0.180034] pci_bus 0000:01: resource 0 [io  0xe000-0xefff]
[    0.180035] pci_bus 0000:01: resource 1 [mem 0xf6000000-0xf70fffff]
[    0.180035] pci_bus 0000:01: resource 2 [mem 0xe8000000-0xf1ffffff 64bit pref]
[    0.180036] pci_bus 0000:02: resource 4 [io  0x0000-0x0cf7 window]
[    0.180037] pci_bus 0000:02: resource 5 [io  0x0d00-0xffff window]
[    0.180038] pci_bus 0000:02: resource 6 [mem 0x000a0000-0x000bffff window]
[    0.180039] pci_bus 0000:02: resource 7 [mem 0x000d0000-0x000d3fff window]
[    0.180039] pci_bus 0000:02: resource 8 [mem 0x000d4000-0x000d7fff window]
[    0.180040] pci_bus 0000:02: resource 9 [mem 0x000d8000-0x000dbfff window]
[    0.180041] pci_bus 0000:02: resource 10 [mem 0x000dc000-0x000dffff window]
[    0.180042] pci_bus 0000:02: resource 11 [mem 0x000e0000-0x000e3fff window]
[    0.180042] pci_bus 0000:02: resource 12 [mem 0x000e4000-0x000e7fff window]
[    0.180043] pci_bus 0000:02: resource 13 [mem 0xe0000000-0xfeafffff window]
[    0.180044] pci_bus 0000:02: resource 14 [mem 0x41e000000-0x81dffffff window]
[    0.180105] NET: Registered protocol family 2
[    0.180236] TCP established hash table entries: 131072 (order: 8, 1048576 bytes)
[    0.180381] TCP bind hash table entries: 65536 (order: 8, 1048576 bytes)
[    0.180486] TCP: Hash tables configured (established 131072 bind 65536)
[    0.180504] UDP hash table entries: 8192 (order: 6, 262144 bytes)
[    0.180537] UDP-Lite hash table entries: 8192 (order: 6, 262144 bytes)
[    0.180587] NET: Registered protocol family 1
[    0.227885] pci 0000:01:00.0: Video device with shadowed ROM at [mem 0x000c0000-0x000dffff]
[    0.227891] PCI: CLS 64 bytes, default 64
[    0.227923] Unpacking initramfs...
[    0.663563] Freeing initrd memory: 40836K
[    0.663566] PCI-DMA: Using software bounce buffering for IO (SWIOTLB)
[    0.663568] software IO TLB [mem 0xd9dbc000-0xdddbc000] (64MB) mapped at [ffff8ae759dbc000-ffff8ae75ddbbfff]
[    0.663836] Scanning for low memory corruption every 60 seconds
[    0.664096] audit: initializing netlink subsys (disabled)
[    0.664128] audit: type=2000 audit(1510891035.656:1): initialized
[    0.664401] Initialise system trusted keyrings
[    0.664467] workingset: timestamp_bits=36 max_order=22 bucket_order=0
[    0.665403] zbud: loaded
[    0.665715] squashfs: version 4.0 (2009/01/31) Phillip Lougher
[    0.665843] fuse init (API version 7.26)
[    0.666922] Key type asymmetric registered
[    0.666923] Asymmetric key parser 'x509' registered
[    0.666945] Block layer SCSI generic (bsg) driver version 0.4 loaded (major 248)
[    0.666970] io scheduler noop registered
[    0.666970] io scheduler deadline registered
[    0.666976] io scheduler cfq registered (default)
[    0.667223] vesafb: mode is 1280x800x32, linelength=5120, pages=0
[    0.667224] vesafb: scrolling: redraw
[    0.667225] vesafb: Truecolor: size=8:8:8:8, shift=24:16:8:0
[    0.667231] vesafb: framebuffer at 0xf1000000, mapped to 0xffffb59e42400000, using 4032k, total 4032k
[    0.667292] Console: switching to colour frame buffer device 160x50
[    0.667304] fb0: VESA VGA frame buffer device
[    0.667312] intel_idle: MWAIT substates: 0x1120
[    0.667313] intel_idle: v0.4.1 model 0x3A
[    0.667532] intel_idle: lapic_timer_reliable_states 0xffffffff
[    0.667587] input: Power Button as /devices/LNXSYSTM:00/LNXSYBUS:00/PNP0C0C:00/input/input0
[    0.667590] ACPI: Power Button [PWRB]
[    0.667613] input: Power Button as /devices/LNXSYSTM:00/LNXPWRBN:00/input/input1
[    0.667614] ACPI: Power Button [PWRF]
[    0.668096] (NULL device *): hwmon_device_register() is deprecated. Please convert the driver to use hwmon_device_register_with_info().
[    0.668189] thermal LNXTHERM:00: registered as thermal_zone0
[    0.668189] ACPI: Thermal Zone [TZ00] (28 C)
[    0.668344] thermal LNXTHERM:01: registered as thermal_zone1
[    0.668345] ACPI: Thermal Zone [TZ01] (30 C)
[    0.668360] GHES: HEST is not enabled!
[    0.668411] Serial: 8250/16550 driver, 32 ports, IRQ sharing enabled
[    0.689507] 00:05: ttyS0 at I/O 0x3f8 (irq = 4, base_baud = 115200) is a 16550A
[    0.710771] 0000:00:16.3: ttyS4 at I/O 0xf0a0 (irq = 19, base_baud = 115200) is a 16550A
[    0.710961] Linux agpgart interface v0.103
[    0.739840] tpm_tis 00:06: 1.2 TPM (device-id 0xFE, rev-id 71)
[    0.867853] tpm tpm0: A TPM error (6) occurred attempting to read a pcr value
[    0.867856] tpm tpm0: TPM is disabled/deactivated (0x6)
[    0.869923] loop: module loaded
[    0.870026] libphy: Fixed MDIO Bus: probed
[    0.870026] tun: Universal TUN/TAP device driver, 1.6
[    0.870027] tun: (C) 1999-2004 Max Krasnyansky <maxk@qualcomm.com>
[    0.870055] PPP generic driver version 2.4.2
[    0.870089] ehci_hcd: USB 2.0 'Enhanced' Host Controller (EHCI) Driver
[    0.870090] ehci-pci: EHCI PCI platform driver
[    0.870177] ehci-pci 0000:00:1a.0: EHCI Host Controller
[    0.870180] ehci-pci 0000:00:1a.0: new USB bus registered, assigned bus number 1
[    0.870193] ehci-pci 0000:00:1a.0: debug port 2
[    0.874084] ehci-pci 0000:00:1a.0: cache line size of 64 is not supported
[    0.874092] ehci-pci 0000:00:1a.0: irq 16, io mem 0xf7138000
[    0.887820] ehci-pci 0000:00:1a.0: USB 2.0 started, EHCI 1.00
[    0.887845] usb usb1: New USB device found, idVendor=1d6b, idProduct=0002
[    0.887846] usb usb1: New USB device strings: Mfr=3, Product=2, SerialNumber=1
[    0.887846] usb usb1: Product: EHCI Host Controller
[    0.887847] usb usb1: Manufacturer: Linux 4.10.0-38-generic ehci_hcd
[    0.887848] usb usb1: SerialNumber: 0000:00:1a.0
[    0.887932] hub 1-0:1.0: USB hub found
[    0.887936] hub 1-0:1.0: 3 ports detected
[    0.888118] ehci-pci 0000:00:1d.0: EHCI Host Controller
[    0.888120] ehci-pci 0000:00:1d.0: new USB bus registered, assigned bus number 2
[    0.888132] ehci-pci 0000:00:1d.0: debug port 2
[    0.892030] ehci-pci 0000:00:1d.0: cache line size of 64 is not supported
[    0.892036] ehci-pci 0000:00:1d.0: irq 23, io mem 0xf7137000
[    0.907821] ehci-pci 0000:00:1d.0: USB 2.0 started, EHCI 1.00
[    0.907838] usb usb2: New USB device found, idVendor=1d6b, idProduct=0002
[    0.907839] usb usb2: New USB device strings: Mfr=3, Product=2, SerialNumber=1
[    0.907840] usb usb2: Product: EHCI Host Controller
[    0.907841] usb usb2: Manufacturer: Linux 4.10.0-38-generic ehci_hcd
[    0.907841] usb usb2: SerialNumber: 0000:00:1d.0
[    0.907917] hub 2-0:1.0: USB hub found
[    0.907920] hub 2-0:1.0: 3 ports detected
[    0.908011] ehci-platform: EHCI generic platform driver
[    0.908017] ohci_hcd: USB 1.1 'Open' Host Controller (OHCI) Driver
[    0.908019] ohci-pci: OHCI PCI platform driver
[    0.908024] ohci-platform: OHCI generic platform driver
[    0.908028] uhci_hcd: USB Universal Host Controller Interface driver
[    0.908111] xhci_hcd 0000:00:14.0: xHCI Host Controller
[    0.908114] xhci_hcd 0000:00:14.0: new USB bus registered, assigned bus number 3
[    0.909198] xhci_hcd 0000:00:14.0: hcc params 0x20007181 hci version 0x100 quirks 0x0000b930
[    0.909202] xhci_hcd 0000:00:14.0: cache line size of 64 is not supported
[    0.909265] usb usb3: New USB device found, idVendor=1d6b, idProduct=0002
[    0.909265] usb usb3: New USB device strings: Mfr=3, Product=2, SerialNumber=1
[    0.909266] usb usb3: Product: xHCI Host Controller
[    0.909267] usb usb3: Manufacturer: Linux 4.10.0-38-generic xhci-hcd
[    0.909267] usb usb3: SerialNumber: 0000:00:14.0
[    0.909342] hub 3-0:1.0: USB hub found
[    0.909352] hub 3-0:1.0: 4 ports detected
[    0.909597] xhci_hcd 0000:00:14.0: xHCI Host Controller
[    0.909598] xhci_hcd 0000:00:14.0: new USB bus registered, assigned bus number 4
[    0.909623] usb usb4: New USB device found, idVendor=1d6b, idProduct=0003
[    0.909623] usb usb4: New USB device strings: Mfr=3, Product=2, SerialNumber=1
[    0.909624] usb usb4: Product: xHCI Host Controller
[    0.909625] usb usb4: Manufacturer: Linux 4.10.0-38-generic xhci-hcd
[    0.909625] usb usb4: SerialNumber: 0000:00:14.0
[    0.909694] hub 4-0:1.0: USB hub found
[    0.909703] hub 4-0:1.0: 4 ports detected
[    0.909964] i8042: PNP: No PS/2 controller found.
[    0.910018] mousedev: PS/2 mouse device common for all mice
[    0.910110] rtc_cmos 00:01: RTC can wake from S4
[    0.910225] rtc_cmos 00:01: rtc core: registered rtc_cmos as rtc0
[    0.910252] rtc_cmos 00:01: alarms up to one month, y3k, 242 bytes nvram, hpet irqs
[    0.910255] i2c /dev entries driver
[    0.910283] device-mapper: uevent: version 1.0.3
[    0.910328] device-mapper: ioctl: 4.35.0-ioctl (2016-06-23) initialised: dm-devel@redhat.com
[    0.910331] intel_pstate: Intel P-state driver initializing
[    0.910717] ledtrig-cpu: registered to indicate activity on CPUs
[    0.910995] NET: Registered protocol family 10
[    0.913711] Segment Routing with IPv6
[    0.913721] NET: Registered protocol family 17
[    0.913726] Key type dns_resolver registered
[    0.914146] microcode: sig=0x306a9, pf=0x2, revision=0x15
[    0.914233] microcode: Microcode Update Driver: v2.2.
[    0.914314] registered taskstats version 1
[    0.914319] Loading compiled-in X.509 certificates
[    0.915976] Loaded X.509 cert 'Build time autogenerated kernel key: 0e953fd717aa51b8d9e0128dd1af1f8370b86949'
[    0.915987] zswap: loaded using pool lzo/zbud
[    0.923035] Key type big_key registered
[    0.923037] Key type trusted registered
[    0.924164] Key type encrypted registered
[    0.924165] AppArmor: AppArmor sha1 policy hashing enabled
[    0.955855] tpm tpm0: A TPM error (6) occurred attempting to read a pcr value
[    0.955856] ima: No TPM chip found, activating TPM-bypass! (rc=6)
[    0.955867] evm: HMAC attrs: 0x1
[    0.955992]   Magic number: 9:67:968
[    0.956040] memory memory19: hash matches
[    0.956113] rtc_cmos 00:01: setting system clock to 2017-11-17 03:57:16 UTC (1510891036)
[    0.956200] BIOS EDD facility v0.16 2004-Jun-25, 0 devices found
[    0.956200] EDD information not available.
[    0.956242] PM: Hibernation image not present or could not be loaded.
[    0.957376] Freeing unused kernel memory: 2228K
[    0.957376] Write protecting the kernel read-only data: 14336k
[    0.957668] Freeing unused kernel memory: 1156K
[    0.958037] Freeing unused kernel memory: 268K
[    0.962978] x86/mm: Checked W+X mappings: passed, no W+X pages found.
[    0.969928] random: systemd-udevd: uninitialized urandom read (16 bytes read)
[    0.969976] random: systemd-udevd: uninitialized urandom read (16 bytes read)
[    0.969983] random: systemd-udevd: uninitialized urandom read (16 bytes read)
[    0.970255] random: udevadm: uninitialized urandom read (16 bytes read)
[    0.970269] random: udevadm: uninitialized urandom read (16 bytes read)
[    0.973832] random: systemd-udevd: uninitialized urandom read (16 bytes read)
[    0.973846] random: systemd-udevd: uninitialized urandom read (16 bytes read)
[    0.973850] random: systemd-udevd: uninitialized urandom read (16 bytes read)
[    0.973992] random: systemd-udevd: uninitialized urandom read (16 bytes read)
[    0.974001] random: systemd-udevd: uninitialized urandom read (16 bytes read)
[    0.994525] FUJITSU Extended Socket Network Device Driver - version 1.2 - Copyright (c) 2015 FUJITSU LIMITED
[    1.000879] wmi: Mapper loaded
[    1.002025] pps_core: LinuxPPS API ver. 1 registered
[    1.002025] pps_core: Software ver. 5.3.6 - Copyright 2005-2007 Rodolfo Giometti <giometti@linux.it>
[    1.002859] PTP clock support registered
[    1.005001] [drm] Initialized
[    1.005064] ahci 0000:00:1f.2: version 3.0
[    1.005234] ahci 0000:00:1f.2: SSS flag set, parallel bus scan disabled
[    1.005490] e1000e: Intel(R) PRO/1000 Network Driver - 3.2.6-k
[    1.005491] e1000e: Copyright(c) 1999 - 2015 Intel Corporation.
[    1.015331] ahci 0000:00:1f.2: AHCI 0001.0300 32 slots 6 ports 6 Gbps 0xb impl SATA mode
[    1.015333] ahci 0000:00:1f.2: flags: 64bit ncq stag pm led clo pio slum part ems sxs apst 
[    1.025256] checking generic (f1000000 3f0000) vs hw (e8000000 8000000)
[    1.025257] checking generic (f1000000 3f0000) vs hw (f0000000 2000000)
[    1.025257] fb: switching to nouveaufb from VESA VGA
[    1.025275] Console: switching to colour dummy device 80x25
[    1.025370] nouveau 0000:01:00.0: NVIDIA GF108 (0c1c00a1)
[    1.041245] scsi host0: ahci
[    1.041605] scsi host1: ahci
[    1.041964] scsi host2: ahci
[    1.042247] scsi host3: ahci
[    1.042894] scsi host4: ahci
[    1.043193] scsi host5: ahci
[    1.043244] ata1: SATA max UDMA/133 abar m2048@0xf7136000 port 0xf7136100 irq 26
[    1.043256] ata2: SATA max UDMA/133 abar m2048@0xf7136000 port 0xf7136180 irq 26
[    1.043256] ata3: DUMMY
[    1.043267] ata4: SATA max UDMA/133 abar m2048@0xf7136000 port 0xf7136280 irq 26
[    1.043268] ata5: DUMMY
[    1.043268] ata6: DUMMY
[    1.043752] e1000e 0000:00:19.0: Interrupt Throttling Rate (ints/sec) set to dynamic conservative mode
[    1.149445] e1000e 0000:00:19.0 0000:00:19.0 (uninitialized): registered PHC clock
[    1.160404] nouveau 0000:01:00.0: bios: version 70.08.7c.00.01
[    1.161265] nouveau 0000:01:00.0: bios: OOB 1 d7500086 d7500086
[    1.161663] nouveau 0000:01:00.0: fb: 512 MiB DDR3
[    1.211901] [TTM] Zone  kernel: Available graphics memory: 8184574 kiB
[    1.211902] [TTM] Zone   dma32: Available graphics memory: 2097152 kiB
[    1.211902] [TTM] Initializing pool allocator
[    1.211905] [TTM] Initializing DMA pool allocator
[    1.211914] nouveau 0000:01:00.0: DRM: VRAM: 512 MiB
[    1.211915] nouveau 0000:01:00.0: DRM: GART: 1048576 MiB
[    1.211917] nouveau 0000:01:00.0: DRM: TMDS table version 2.0
[    1.211917] nouveau 0000:01:00.0: DRM: DCB version 4.0
[    1.211918] nouveau 0000:01:00.0: DRM: DCB outp 00: 02000300 00000000
[    1.211919] nouveau 0000:01:00.0: DRM: DCB outp 01: 01000302 00020030
[    1.211920] nouveau 0000:01:00.0: DRM: DCB outp 02: 028113a6 0f220010
[    1.211921] nouveau 0000:01:00.0: DRM: DCB outp 03: 02011362 00020010
[    1.211921] nouveau 0000:01:00.0: DRM: DCB conn 00: 00001030
[    1.211931] nouveau 0000:01:00.0: DRM: DCB conn 01: 00002146
[    1.215840] usb 1-1: new high-speed USB device number 2 using ehci-pci
[    1.222215] [drm] Supports vblank timestamp caching Rev 2 (21.10.2013).
[    1.222215] [drm] Driver supports precise vblank timestamp query.
[    1.222340] nouveau 0000:01:00.0: hwmon_device_register() is deprecated. Please convert the driver to use hwmon_device_register_with_info().
[    1.239424] e1000e 0000:00:19.0 eth0: (PCI Express:2.5GT/s:Width x1) fc:4d:d4:32:61:78
[    1.239425] e1000e 0000:00:19.0 eth0: Intel(R) PRO/1000 Network Connection
[    1.239511] e1000e 0000:00:19.0 eth0: MAC: 10, PHY: 11, PBA No: FFFFFF-0FF
[    1.239845] usb 2-1: new high-speed USB device number 2 using ehci-pci
[    1.240115] e1000e 0000:00:19.0 eno1: renamed from eth0
[    1.271588] nouveau 0000:01:00.0: DRM: MM: using COPY0 for buffer copies
[    1.358572] ata1: SATA link up 6.0 Gbps (SStatus 133 SControl 300)
[    1.364180] usb 1-1: New USB device found, idVendor=8087, idProduct=0024
[    1.364181] usb 1-1: New USB device strings: Mfr=0, Product=0, SerialNumber=0
[    1.364485] hub 1-1:1.0: USB hub found
[    1.364529] hub 1-1:1.0: 6 ports detected
[    1.388190] usb 2-1: New USB device found, idVendor=8087, idProduct=0024
[    1.388191] usb 2-1: New USB device strings: Mfr=0, Product=0, SerialNumber=0
[    1.388486] hub 2-1:1.0: USB hub found
[    1.388563] hub 2-1:1.0: 8 ports detected
[    1.411665] nouveau 0000:01:00.0: DRM: allocated 1440x900 fb: 0x60000, bo ffff8aea8ad1f000
[    1.411730] fbcon: nouveaufb (fb0) is primary device
[    1.411769] Console: switching to colour frame buffer device 180x56
[    1.411783] nouveau 0000:01:00.0: fb0: nouveaufb frame buffer device
[    1.463875] [drm] Initialized nouveau 1.3.1 20120801 for 0000:01:00.0 on minor 0
[    1.652701] ata1.00: ACPI cmd ef/10:06:00:00:00:00 (SET FEATURES) succeeded
[    1.652702] ata1.00: ACPI cmd f5/00:00:00:00:00:00 (SECURITY FREEZE LOCK) filtered out
[    1.652703] ata1.00: ACPI cmd b1/c1:00:00:00:00:00 (DEVICE CONFIGURATION OVERLAY) filtered out
[    1.667899] tsc: Refined TSC clocksource calibration: 3392.303 MHz
[    1.667910] clocksource: tsc: mask: 0xffffffffffffffff max_cycles: 0x30e5e816b73, max_idle_ns: 440795348281 ns
[    1.675910] usb 2-1.5: new low-speed USB device number 3 using ehci-pci
[    1.691619] ata1.00: ATA-8: ST1000DM003-9YN162, CC62, max UDMA/100
[    1.691622] ata1.00: 1953525168 sectors, multi 16: LBA48 NCQ (depth 31/32), AA
[    1.692340] ata1.00: ACPI cmd ef/10:06:00:00:00:00 (SET FEATURES) succeeded
[    1.692343] ata1.00: ACPI cmd f5/00:00:00:00:00:00 (SECURITY FREEZE LOCK) filtered out
[    1.692345] ata1.00: ACPI cmd b1/c1:00:00:00:00:00 (DEVICE CONFIGURATION OVERLAY) filtered out
[    1.692875] ata1.00: configured for UDMA/100
[    1.693201] scsi 0:0:0:0: Direct-Access     ATA      ST1000DM003-9YN1 CC62 PQ: 0 ANSI: 5
[    1.724093] sd 0:0:0:0: [sda] 1953525168 512-byte logical blocks: (1.00 TB/932 GiB)
[    1.724094] sd 0:0:0:0: [sda] 4096-byte physical blocks
[    1.724101] sd 0:0:0:0: [sda] Write Protect is off
[    1.724102] sd 0:0:0:0: Attached scsi generic sg0 type 0
[    1.724102] sd 0:0:0:0: [sda] Mode Sense: 00 3a 00 00
[    1.724110] sd 0:0:0:0: [sda] Write cache: enabled, read cache: enabled, doesn't support DPO or FUA
[    1.747373]  sda: sda1 sda2 < sda5 >
[    1.747632] sd 0:0:0:0: [sda] Attached SCSI disk
[    1.789171] usb 2-1.5: New USB device found, idVendor=413c, idProduct=301a
[    1.789174] usb 2-1.5: New USB device strings: Mfr=1, Product=2, SerialNumber=0
[    1.789175] usb 2-1.5: Product: Dell MS116 USB Optical Mouse
[    1.789186] usb 2-1.5: Manufacturer: PixArt
[    1.791595] hidraw: raw HID events driver (C) Jiri Kosina
[    1.794389] usbcore: registered new interface driver usbhid
[    1.794389] usbhid: USB HID core driver
[    1.795325] input: PixArt Dell MS116 USB Optical Mouse as /devices/pci0000:00/0000:00:1d.0/usb2/2-1/2-1.5/2-1.5:1.0/0003:413C:301A.0001/input/input2
[    1.795385] hid-generic 0003:413C:301A.0001: input,hidraw0: USB HID v1.11 Mouse [PixArt Dell MS116 USB Optical Mouse] on usb-0000:00:1d.0-1.5/input0
[    1.867906] usb 2-1.6: new low-speed USB device number 4 using ehci-pci
[    1.983351] usb 2-1.6: New USB device found, idVendor=04b3, idProduct=3025
[    1.983353] usb 2-1.6: New USB device strings: Mfr=1, Product=2, SerialNumber=0
[    1.983355] usb 2-1.6: Product: USB NetVista Full Width Keyboard.
[    1.983356] usb 2-1.6: Manufacturer: LITE-ON Technology
[    1.988692] input: LITE-ON Technology USB NetVista Full Width Keyboard. as /devices/pci0000:00/0000:00:1d.0/usb2/2-1/2-1.6/2-1.6:1.0/0003:04B3:3025.0002/input/input3
[    2.038775] ata2: SATA link up 1.5 Gbps (SStatus 113 SControl 300)
[    2.047594] ata2.00: ACPI cmd ef/10:06:00:00:00:00 (SET FEATURES) succeeded
[    2.047597] ata2.00: ACPI cmd f5/00:00:00:00:00:00 (SECURITY FREEZE LOCK) filtered out
[    2.047599] ata2.00: ACPI cmd b1/c1:00:00:00:00:00 (DEVICE CONFIGURATION OVERLAY) filtered out
[    2.047908] ata2.00: ATAPI: PLDS DVD-RW DS8A8SH, KL31, max UDMA/100
[    2.048143] hid-generic 0003:04B3:3025.0002: input,hidraw1: USB HID v1.10 Keyboard [LITE-ON Technology USB NetVista Full Width Keyboard.] on usb-0000:00:1d.0-1.6/input0
[    2.054290] ata2.00: ACPI cmd ef/10:06:00:00:00:00 (SET FEATURES) succeeded
[    2.054293] ata2.00: ACPI cmd f5/00:00:00:00:00:00 (SECURITY FREEZE LOCK) filtered out
[    2.054295] ata2.00: ACPI cmd b1/c1:00:00:00:00:00 (DEVICE CONFIGURATION OVERLAY) filtered out
[    2.054632] ata2.00: configured for UDMA/100
[    2.061651] scsi 1:0:0:0: CD-ROM            PLDS     DVD-RW DS8A8SH   KL31 PQ: 0 ANSI: 5
[    2.093171] sr 1:0:0:0: [sr0] scsi3-mmc drive: 24x/24x writer dvd-ram cd/rw xa/form2 cdda tray
[    2.093173] cdrom: Uniform CD-ROM driver Revision: 3.20
[    2.093356] sr 1:0:0:0: Attached scsi CD-ROM sr0
[    2.093417] sr 1:0:0:0: Attached scsi generic sg1 type 5
[    2.406925] ata4: SATA link down (SStatus 0 SControl 300)
[    2.692135] clocksource: Switched to clocksource tsc
[    2.752426] random: fast init done
[    3.740013] EXT4-fs (sda1): mounted filesystem with ordered data mode. Opts: (null)
[    6.724537] systemd[1]: systemd 229 running in system mode. (+PAM +AUDIT +SELINUX +IMA +APPARMOR +SMACK +SYSVINIT +UTMP +LIBCRYPTSETUP +GCRYPT +GNUTLS +ACL +XZ -LZ4 +SECCOMP +BLKID +ELFUTILS +KMOD -IDN)
[    6.724651] systemd[1]: Detected architecture x86-64.
[    6.736724] systemd[1]: Set hostname to <VTLW016L>.
[    7.178828] random: crng init done
[    8.322173] systemd[1]: Listening on udev Control Socket.
[    8.322210] systemd[1]: Reached target Encrypted Volumes.
[    8.322227] systemd[1]: Listening on Syslog Socket.
[    8.322282] systemd[1]: Created slice User and Session Slice.
[    8.322297] systemd[1]: Listening on fsck to fsckd communication Socket.
[    8.322319] systemd[1]: Started Trigger resolvconf update for networkd DNS.
[    8.322391] systemd[1]: Set up automount Arbitrary Executable File Formats File System Automount Point.
[    8.905011] lp: driver loaded but no devices found
[    9.081799] ppdev: user-space parallel port driver
[    9.220668] media: Linux media interface: v0.10
[    9.280756] Linux video capture interface: v2.00
[    9.567443] v4l2loopback_dc: loading out-of-tree module taints kernel.
[    9.567472] v4l2loopback_dc: module verification failed: signature and/or required key missing - tainting kernel
[    9.567663] v4l2loopback driver version 0.6.1-droidcam loaded
[   21.936807] EXT4-fs (sda1): re-mounted. Opts: errors=remount-ro
[   21.972934] systemd-journald[299]: Received request to flush runtime journal from PID 1
[   22.026490] ACPI Warning: SystemIO range 0x0000000000000428-0x000000000000042F conflicts with OpRegion 0x0000000000000400-0x000000000000047F (\PMIO) (20160930/utaddress-247)
[   22.026494] ACPI: If an ACPI driver is available for this device, you should use it instead of the native driver
[   22.026500] ACPI Warning: SystemIO range 0x0000000000000540-0x000000000000054F conflicts with OpRegion 0x0000000000000500-0x0000000000000563 (\GPIO) (20160930/utaddress-247)
[   22.026502] ACPI: If an ACPI driver is available for this device, you should use it instead of the native driver
[   22.026502] ACPI Warning: SystemIO range 0x0000000000000530-0x000000000000053F conflicts with OpRegion 0x0000000000000500-0x000000000000053F (\GPRE) (20160930/utaddress-247)
[   22.026504] ACPI Warning: SystemIO range 0x0000000000000530-0x000000000000053F conflicts with OpRegion 0x0000000000000500-0x0000000000000563 (\GPIO) (20160930/utaddress-247)
[   22.026505] ACPI: If an ACPI driver is available for this device, you should use it instead of the native driver
[   22.026506] ACPI Warning: SystemIO range 0x0000000000000500-0x000000000000052F conflicts with OpRegion 0x0000000000000500-0x000000000000053F (\GPRE) (20160930/utaddress-247)
[   22.026507] ACPI Warning: SystemIO range 0x0000000000000500-0x000000000000052F conflicts with OpRegion 0x0000000000000500-0x0000000000000563 (\GPIO) (20160930/utaddress-247)
[   22.026508] ACPI: If an ACPI driver is available for this device, you should use it instead of the native driver
[   22.026509] lpc_ich: Resource conflict(s) found affecting gpio_ich
[   22.041567] RAPL PMU: API unit is 2^-32 Joules, 3 fixed counters, 163840 ms ovfl timer
[   22.041569] RAPL PMU: hw unit of domain pp0-core 2^-16 Joules
[   22.041569] RAPL PMU: hw unit of domain package 2^-16 Joules
[   22.041570] RAPL PMU: hw unit of domain pp1-gpu 2^-16 Joules
[   22.050445] AVX version of gcm_enc/dec engaged.
[   22.050446] AES CTR mode by8 optimization enabled
[   22.071219] snd_hda_intel 0000:01:00.1: Disabling MSI
[   22.071226] snd_hda_intel 0000:01:00.1: Handle vga_switcheroo audio client
[   22.075165] kvm: disabled by bios
[   22.079796] EDAC MC: Ver: 3.0.0
[   22.085904] intel_rapl: Found RAPL domain package
[   22.085905] intel_rapl: Found RAPL domain core
[   22.085908] intel_rapl: RAPL package 0 domain package locked by BIOS
[   22.086761] snd_hda_codec_realtek hdaudioC0D2: autoconfig for ALC662 rev3: line_outs=1 (0x14/0x0/0x0/0x0/0x0) type:line
[   22.086762] snd_hda_codec_realtek hdaudioC0D2:    speaker_outs=1 (0x15/0x0/0x0/0x0/0x0)
[   22.086763] snd_hda_codec_realtek hdaudioC0D2:    hp_outs=1 (0x1b/0x0/0x0/0x0/0x0)
[   22.086764] snd_hda_codec_realtek hdaudioC0D2:    mono: mono_out=0x0
[   22.086764] snd_hda_codec_realtek hdaudioC0D2:    inputs:
[   22.086765] snd_hda_codec_realtek hdaudioC0D2:      Front Mic=0x19
[   22.086766] snd_hda_codec_realtek hdaudioC0D2:      Rear Mic=0x18
[   22.086767] snd_hda_codec_realtek hdaudioC0D2:      Line=0x1a
[   22.117555] input: HDA Intel PCH Front Mic as /devices/pci0000:00/0000:00:1b.0/sound/card0/input4
[   22.117612] input: HDA Intel PCH Rear Mic as /devices/pci0000:00/0000:00:1b.0/sound/card0/input5
[   22.117643] input: HDA Intel PCH Line as /devices/pci0000:00/0000:00:1b.0/sound/card0/input6
[   22.117675] input: HDA Intel PCH Line Out as /devices/pci0000:00/0000:00:1b.0/sound/card0/input7
[   22.117704] input: HDA Intel PCH Front Headphone as /devices/pci0000:00/0000:00:1b.0/sound/card0/input8
[   22.117749] shpchp: Standard Hot Plug PCI Controller Driver version: 0.4
[   22.528933] audit: type=1400 audit(1510891058.063:2): apparmor="STATUS" operation="profile_load" profile="unconfined" name="/usr/sbin/ippusbxd" pid=701 comm="apparmor_parser"
[   22.529461] audit: type=1400 audit(1510891058.067:3): apparmor="STATUS" operation="profile_load" profile="unconfined" name="/usr/sbin/cups-browsed" pid=699 comm="apparmor_parser"
[   22.529641] audit: type=1400 audit(1510891058.067:4): apparmor="STATUS" operation="profile_load" profile="unconfined" name="/usr/lib/snapd/snap-confine" pid=698 comm="apparmor_parser"
[   22.529643] audit: type=1400 audit(1510891058.067:5): apparmor="STATUS" operation="profile_load" profile="unconfined" name="/usr/lib/snapd/snap-confine//mount-namespace-capture-helper" pid=698 comm="apparmor_parser"
[   22.530112] audit: type=1400 audit(1510891058.067:6): apparmor="STATUS" operation="profile_load" profile="unconfined" name="/sbin/dhclient" pid=694 comm="apparmor_parser"
[   22.530113] audit: type=1400 audit(1510891058.067:7): apparmor="STATUS" operation="profile_load" profile="unconfined" name="/usr/lib/NetworkManager/nm-dhcp-client.action" pid=694 comm="apparmor_parser"
[   22.530114] audit: type=1400 audit(1510891058.067:8): apparmor="STATUS" operation="profile_load" profile="unconfined" name="/usr/lib/NetworkManager/nm-dhcp-helper" pid=694 comm="apparmor_parser"
[   22.530115] audit: type=1400 audit(1510891058.067:9): apparmor="STATUS" operation="profile_load" profile="unconfined" name="/usr/lib/connman/scripts/dhclient-script" pid=694 comm="apparmor_parser"
[   22.530301] audit: type=1400 audit(1510891058.067:10): apparmor="STATUS" operation="profile_load" profile="unconfined" name="/usr/sbin/mysqld" pid=702 comm="apparmor_parser"
[   22.531147] audit: type=1400 audit(1510891058.067:11): apparmor="STATUS" operation="profile_load" profile="unconfined" name="/usr/sbin/tcpdump" pid=704 comm="apparmor_parser"
[   23.305879] input: HDA NVidia HDMI/DP,pcm=3 as /devices/pci0000:00/0000:00:01.0/0000:01:00.1/sound/card1/input9
[   23.305915] input: HDA NVidia HDMI/DP,pcm=7 as /devices/pci0000:00/0000:00:01.0/0000:01:00.1/sound/card1/input10
[   23.305956] input: HDA NVidia HDMI/DP,pcm=8 as /devices/pci0000:00/0000:00:01.0/0000:01:00.1/sound/card1/input11
[   23.306016] input: HDA NVidia HDMI/DP,pcm=9 as /devices/pci0000:00/0000:00:01.0/0000:01:00.1/sound/card1/input12
[   23.458488] Adding 16713724k swap on /dev/sda5.  Priority:-1 extents:1 across:16713724k FS
[   27.333341] IPv6: ADDRCONF(NETDEV_UP): eno1: link is not ready
[   27.553650] IPv6: ADDRCONF(NETDEV_UP): eno1: link is not ready
[   31.063697] e1000e: eno1 NIC Link is Up 1000 Mbps Full Duplex, Flow Control: None
[   31.063733] IPv6: ADDRCONF(NETDEV_CHANGE): eno1: link becomes ready
[    0.000000] Linux version 4.10.0-38-generic (buildd@lgw01-amd64-059) (gcc version 5.4.0 20160609 (Ubuntu 5.4.0-6ubuntu1~16.04.4) ) #42~16.04.1-Ubuntu SMP Tue Oct 10 16:32:20 UTC 2017 (Ubuntu 4.10.0-38.42~16.04.1-generic 4.10.17)
[    0.000000] Command line: BOOT_IMAGE=/boot/vmlinuz-4.10.0-38-generic root=UUID=5779d815-3f99-43c7-b1a0-deb28c77a835 ro quiet splash vt.handoff=7
[    0.000000] KERNEL supported cpus:
[    0.000000]   Intel GenuineIntel
[    0.000000]   AMD AuthenticAMD
[    0.000000]   Centaur CentaurHauls
[    0.000000] x86/fpu: Supporting XSAVE feature 0x001: 'x87 floating point registers'
[    0.000000] x86/fpu: Supporting XSAVE feature 0x002: 'SSE registers'
[    0.000000] x86/fpu: Supporting XSAVE feature 0x004: 'AVX registers'
[    0.000000] x86/fpu: xstate_offset[2]:  576, xstate_sizes[2]:  256
[    0.000000] x86/fpu: Enabled xstate features 0x7, context size is 832 bytes, using 'standard' format.
[    0.000000] e820: BIOS-provided physical RAM map:
[    0.000000] BIOS-e820: [mem 0x0000000000000000-0x000000000009d7ff] usable
[    0.000000] BIOS-e820: [mem 0x000000000009d800-0x000000000009ffff] reserved
[    0.000000] BIOS-e820: [mem 0x00000000000e0000-0x00000000000fffff] reserved
[    0.000000] BIOS-e820: [mem 0x0000000000100000-0x00000000dddbbfff] usable
[    0.000000] BIOS-e820: [mem 0x00000000dddbc000-0x00000000ddf33fff] reserved
[    0.000000] BIOS-e820: [mem 0x00000000ddf34000-0x00000000ddf48fff] ACPI data
[    0.000000] BIOS-e820: [mem 0x00000000ddf49000-0x00000000ddfe9fff] reserved
[    0.000000] BIOS-e820: [mem 0x00000000ddfea000-0x00000000ddff1fff] ACPI data
[    0.000000] BIOS-e820: [mem 0x00000000ddff2000-0x00000000de263fff] usable
[    0.000000] BIOS-e820: [mem 0x00000000de264000-0x00000000dea93fff] ACPI NVS
[    0.000000] BIOS-e820: [mem 0x00000000dea94000-0x00000000df042fff] reserved
[    0.000000] BIOS-e820: [mem 0x00000000df043000-0x00000000df043fff] usable
[    0.000000] BIOS-e820: [mem 0x00000000df044000-0x00000000df086fff] ACPI NVS
[    0.000000] BIOS-e820: [mem 0x00000000df087000-0x00000000df4aefff] usable
[    0.000000] BIOS-e820: [mem 0x00000000df4af000-0x00000000df7f2fff] reserved
[    0.000000] BIOS-e820: [mem 0x00000000df7f3000-0x00000000df7fffff] usable
[    0.000000] BIOS-e820: [mem 0x00000000f8000000-0x00000000fbffffff] reserved
[    0.000000] BIOS-e820: [mem 0x00000000fec00000-0x00000000fec00fff] reserved
[    0.000000] BIOS-e820: [mem 0x00000000fed00000-0x00000000fed03fff] reserved
[    0.000000] BIOS-e820: [mem 0x00000000fed1c000-0x00000000fed1ffff] reserved
[    0.000000] BIOS-e820: [mem 0x00000000fee00000-0x00000000fee00fff] reserved
[    0.000000] BIOS-e820: [mem 0x00000000ff000000-0x00000000ffffffff] reserved
[    0.000000] BIOS-e820: [mem 0x0000000100000000-0x000000041dffffff] usable
[    0.000000] NX (Execute Disable) protection: active
[    0.000000] SMBIOS 2.7 present.
[    0.000000] DMI: LENOVO 36901A0/MAHOBAY, BIOS 9SKT56AUS 11/14/2012
[    0.000000] e820: update [mem 0x00000000-0x00000fff] usable ==> reserved
[    0.000000] e820: remove [mem 0x000a0000-0x000fffff] usable
[    0.000000] e820: last_pfn = 0x41e000 max_arch_pfn = 0x400000000
[    0.000000] MTRR default type: uncachable
[    0.000000] MTRR fixed ranges enabled:
[    0.000000]   00000-9FFFF write-back
[    0.000000]   A0000-BFFFF uncachable
[    0.000000]   C0000-CFFFF write-protect
[    0.000000]   D0000-E7FFF uncachable
[    0.000000]   E8000-FFFFF write-protect
[    0.000000] MTRR variable ranges enabled:
[    0.000000]   0 base 000000000 mask C00000000 write-back
[    0.000000]   1 base 400000000 mask FF0000000 write-back
[    0.000000]   2 base 410000000 mask FF8000000 write-back
[    0.000000]   3 base 418000000 mask FFC000000 write-back
[    0.000000]   4 base 41C000000 mask FFE000000 write-back
[    0.000000]   5 base 0E0000000 mask FE0000000 uncachable
[    0.000000]   6 disabled
[    0.000000]   7 disabled
[    0.000000]   8 disabled
[    0.000000]   9 disabled
[    0.000000] x86/PAT: Configuration [0-7]: WB  WC  UC- UC  WB  WC  UC- WT  
[    0.000000] total RAM covered: 16352M
[    0.000000] Found optimal setting for mtrr clean up
[    0.000000]  gran_size: 64K 	chunk_size: 64M 	num_reg: 7  	lose cover RAM: 0G
[    0.000000] e820: update [mem 0xe0000000-0xffffffff] usable ==> reserved
[    0.000000] e820: last_pfn = 0xdf800 max_arch_pfn = 0x400000000
[    0.000000] found SMP MP-table at [mem 0x000fce00-0x000fce0f] mapped at [ffff8ae6800fce00]
[    0.000000] Scanning 1 areas for low memory corruption
[    0.000000] Base memory trampoline at [ffff8ae680097000] 97000 size 24576
[    0.000000] BRK [0xd4a28000, 0xd4a28fff] PGTABLE
[    0.000000] BRK [0xd4a29000, 0xd4a29fff] PGTABLE
[    0.000000] BRK [0xd4a2a000, 0xd4a2afff] PGTABLE
[    0.000000] BRK [0xd4a2b000, 0xd4a2bfff] PGTABLE
[    0.000000] BRK [0xd4a2c000, 0xd4a2cfff] PGTABLE
[    0.000000] BRK [0xd4a2d000, 0xd4a2dfff] PGTABLE
[    0.000000] BRK [0xd4a2e000, 0xd4a2efff] PGTABLE
[    0.000000] BRK [0xd4a2f000, 0xd4a2ffff] PGTABLE
[    0.000000] BRK [0xd4a30000, 0xd4a30fff] PGTABLE
[    0.000000] BRK [0xd4a31000, 0xd4a31fff] PGTABLE
[    0.000000] BRK [0xd4a32000, 0xd4a32fff] PGTABLE
[    0.000000] BRK [0xd4a33000, 0xd4a33fff] PGTABLE
[    0.000000] RAMDISK: [mem 0x3302e000-0x3580efff]
[    0.000000] ACPI: Early table checksum verification disabled
[    0.000000] ACPI: RSDP 0x00000000000F0450 000024 (v02 LENOVO)
[    0.000000] ACPI: XSDT 0x00000000DDF34080 000084 (v01 LENOVO TC-9S    00001380 AMI  00010013)
[    0.000000] ACPI: FACP 0x00000000DDF46430 0000F4 (v04 LENOVO TC-9S    00001380 AMI  00010013)
[    0.000000] ACPI: DSDT 0x00000000DDF34198 012295 (v02 LENOVO TC-9S    00001380 INTL 20051117)
[    0.000000] ACPI: FACS 0x00000000DEA81F80 000040
[    0.000000] ACPI: APIC 0x00000000DDF46528 000092 (v03 LENOVO TC-9S    00001380 AMI  00010013)
[    0.000000] ACPI: FPDT 0x00000000DDF465C0 000044 (v01 LENOVO TC-9S    00001380 AMI  00010013)
[    0.000000] ACPI: MCFG 0x00000000DDF46608 00003C (v01 LENOVO TC-9S    00001380 MSFT 00000097)
[    0.000000] ACPI: SLIC 0x00000000DDF46648 000176 (v01 LENOVO TC-9S    00001380 AMI  00010013)
[    0.000000] ACPI: HPET 0x00000000DDF467C0 000038 (v01 LENOVO TC-9S    00001380 AMI. 00000005)
[    0.000000] ACPI: SSDT 0x00000000DDF467F8 00036D (v01 LENOVO TC-9S    00001380 INTL 20091112)
[    0.000000] ACPI: SSDT 0x00000000DDF46B68 0009AA (v01 LENOVO TC-9S    00001380 INTL 20051117)
[    0.000000] ACPI: SSDT 0x00000000DDF47518 000B22 (v01 LENOVO TC-9S    00001380 INTL 20051117)
[    0.000000] ACPI: ASF! 0x00000000DDF48040 0000A5 (v32 LENOVO TC-9S    00001380 TFSM 000F4240)
[    0.000000] ACPI: BGRT 0x00000000DDF480E8 000038 (v00 LENOVO TC-9S    00001380 AMI  00010013)
[    0.000000] ACPI: TCPA 0x00000000DDF48120 000032 (v02 LENOVO TC-9S    00001380 MSFT 01000013)
[    0.000000] ACPI: Local APIC address 0xfee00000
[    0.000000] No NUMA configuration found
[    0.000000] Faking a node at [mem 0x0000000000000000-0x000000041dffffff]
[    0.000000] NODE_DATA(0) allocated [mem 0x41dfc7000-0x41dff1fff]
[    0.000000] Zone ranges:
[    0.000000]   DMA      [mem 0x0000000000001000-0x0000000000ffffff]
[    0.000000]   DMA32    [mem 0x0000000001000000-0x00000000ffffffff]
[    0.000000]   Normal   [mem 0x0000000100000000-0x000000041dffffff]
[    0.000000]   Device   empty
[    0.000000] Movable zone start for each node
[    0.000000] Early memory node ranges
[    0.000000]   node   0: [mem 0x0000000000001000-0x000000000009cfff]
[    0.000000]   node   0: [mem 0x0000000000100000-0x00000000dddbbfff]
[    0.000000]   node   0: [mem 0x00000000ddff2000-0x00000000de263fff]
[    0.000000]   node   0: [mem 0x00000000df043000-0x00000000df043fff]
[    0.000000]   node   0: [mem 0x00000000df087000-0x00000000df4aefff]
[    0.000000]   node   0: [mem 0x00000000df7f3000-0x00000000df7fffff]
[    0.000000]   node   0: [mem 0x0000000100000000-0x000000041dffffff]
[    0.000000] Initmem setup node 0 [mem 0x0000000000001000-0x000000041dffffff]
[    0.000000] On node 0 totalpages: 4178944
[    0.000000]   DMA zone: 64 pages used for memmap
[    0.000000]   DMA zone: 21 pages reserved
[    0.000000]   DMA zone: 3996 pages, LIFO batch:0
[    0.000000]   DMA32 zone: 14162 pages used for memmap
[    0.000000]   DMA32 zone: 906340 pages, LIFO batch:31
[    0.000000]   Normal zone: 51072 pages used for memmap
[    0.000000]   Normal zone: 3268608 pages, LIFO batch:31
[    0.000000] ACPI: PM-Timer IO Port: 0x408
[    0.000000] ACPI: Local APIC address 0xfee00000
[    0.000000] ACPI: LAPIC_NMI (acpi_id[0xff] high edge lint[0x1])
[    0.000000] IOAPIC[0]: apic_id 2, version 32, address 0xfec00000, GSI 0-23
[    0.000000] ACPI: INT_SRC_OVR (bus 0 bus_irq 0 global_irq 2 dfl dfl)
[    0.000000] ACPI: INT_SRC_OVR (bus 0 bus_irq 9 global_irq 9 high level)
[    0.000000] ACPI: IRQ0 used by override.
[    0.000000] ACPI: IRQ9 used by override.
[    0.000000] Using ACPI (MADT) for SMP configuration information
[    0.000000] ACPI: HPET id: 0x8086a701 base: 0xfed00000
[    0.000000] smpboot: Allowing 8 CPUs, 0 hotplug CPUs
[    0.000000] PM: Registered nosave memory: [mem 0x00000000-0x00000fff]
[    0.000000] PM: Registered nosave memory: [mem 0x0009d000-0x0009dfff]
[    0.000000] PM: Registered nosave memory: [mem 0x0009e000-0x0009ffff]
[    0.000000] PM: Registered nosave memory: [mem 0x000a0000-0x000dffff]
[    0.000000] PM: Registered nosave memory: [mem 0x000e0000-0x000fffff]
[    0.000000] PM: Registered nosave memory: [mem 0xdddbc000-0xddf33fff]
[    0.000000] PM: Registered nosave memory: [mem 0xddf34000-0xddf48fff]
[    0.000000] PM: Registered nosave memory: [mem 0xddf49000-0xddfe9fff]
[    0.000000] PM: Registered nosave memory: [mem 0xddfea000-0xddff1fff]
[    0.000000] PM: Registered nosave memory: [mem 0xde264000-0xdea93fff]
[    0.000000] PM: Registered nosave memory: [mem 0xdea94000-0xdf042fff]
[    0.000000] PM: Registered nosave memory: [mem 0xdf044000-0xdf086fff]
[    0.000000] PM: Registered nosave memory: [mem 0xdf4af000-0xdf7f2fff]
[    0.000000] PM: Registered nosave memory: [mem 0xdf800000-0xf7ffffff]
[    0.000000] PM: Registered nosave memory: [mem 0xf8000000-0xfbffffff]
[    0.000000] PM: Registered nosave memory: [mem 0xfc000000-0xfebfffff]
[    0.000000] PM: Registered nosave memory: [mem 0xfec00000-0xfec00fff]
[    0.000000] PM: Registered nosave memory: [mem 0xfec01000-0xfecfffff]
[    0.000000] PM: Registered nosave memory: [mem 0xfed00000-0xfed03fff]
[    0.000000] PM: Registered nosave memory: [mem 0xfed04000-0xfed1bfff]
[    0.000000] PM: Registered nosave memory: [mem 0xfed1c000-0xfed1ffff]
[    0.000000] PM: Registered nosave memory: [mem 0xfed20000-0xfedfffff]
[    0.000000] PM: Registered nosave memory: [mem 0xfee00000-0xfee00fff]
[    0.000000] PM: Registered nosave memory: [mem 0xfee01000-0xfeffffff]
[    0.000000] PM: Registered nosave memory: [mem 0xff000000-0xffffffff]
[    0.000000] e820: [mem 0xdf800000-0xf7ffffff] available for PCI devices
[    0.000000] Booting paravirtualized kernel on bare hardware
[    0.000000] clocksource: refined-jiffies: mask: 0xffffffff max_cycles: 0xffffffff, max_idle_ns: 7645519600211568 ns
[    0.000000] setup_percpu: NR_CPUS:8192 nr_cpumask_bits:8 nr_cpu_ids:8 nr_node_ids:1
[    0.000000] percpu: Embedded 36 pages/cpu @ffff8aea9dc00000 s107992 r8192 d31272 u262144
[    0.000000] pcpu-alloc: s107992 r8192 d31272 u262144 alloc=1*2097152
[    0.000000] pcpu-alloc: [0] 0 1 2 3 4 5 6 7 
[    0.000000] Built 1 zonelists in Node order, mobility grouping on.  Total pages: 4113625
[    0.000000] Policy zone: Normal
[    0.000000] Kernel command line: BOOT_IMAGE=/boot/vmlinuz-4.10.0-38-generic root=UUID=5779d815-3f99-43c7-b1a0-deb28c77a835 ro quiet splash vt.handoff=7
[    0.000000] PID hash table entries: 4096 (order: 3, 32768 bytes)
[    0.000000] Calgary: detecting Calgary via BIOS EBDA area
[    0.000000] Calgary: Unable to locate Rio Grande table in EBDA - bailing!
[    0.000000] Memory: 16324628K/16715776K available (9070K kernel code, 1667K rwdata, 3828K rodata, 2228K init, 2364K bss, 391148K reserved, 0K cma-reserved)
[    0.000000] SLUB: HWalign=64, Order=0-3, MinObjects=0, CPUs=8, Nodes=1
[    0.000000] Hierarchical RCU implementation.
[    0.000000] 	Build-time adjustment of leaf fanout to 64.
[    0.000000] 	RCU restricting CPUs from NR_CPUS=8192 to nr_cpu_ids=8.
[    0.000000] RCU: Adjusting geometry for rcu_fanout_leaf=64, nr_cpu_ids=8
[    0.000000] NR_IRQS:524544 nr_irqs:488 16
[    0.000000] vt handoff: transparent VT on vt#7
[    0.000000] Console: colour dummy device 80x25
[    0.000000] console [tty0] enabled
[    0.000000] clocksource: hpet: mask: 0xffffffff max_cycles: 0xffffffff, max_idle_ns: 133484882848 ns
[    0.000000] hpet clockevent registered
[    0.000000] tsc: Fast TSC calibration using PIT
[    0.000000] tsc: Detected 3392.098 MHz processor
[    0.000019] Calibrating delay loop (skipped), value calculated using timer frequency.. 6784.19 BogoMIPS (lpj=13568392)
[    0.000020] pid_max: default: 32768 minimum: 301
[    0.000027] ACPI: Core revision 20160930
[    0.006270] ACPI: 4 ACPI AML tables successfully acquired and loaded
[    0.006290] Security Framework initialized
[    0.006291] Yama: becoming mindful.
[    0.006303] AppArmor: AppArmor initialized
[    0.006891] Dentry cache hash table entries: 2097152 (order: 12, 16777216 bytes)
[    0.009705] Inode-cache hash table entries: 1048576 (order: 11, 8388608 bytes)
[    0.010962] Mount-cache hash table entries: 32768 (order: 6, 262144 bytes)
[    0.010972] Mountpoint-cache hash table entries: 32768 (order: 6, 262144 bytes)
[    0.011176] CPU: Physical Processor ID: 0
[    0.011177] CPU: Processor Core ID: 0
[    0.011180] ENERGY_PERF_BIAS: Set to 'normal', was 'performance'
[    0.011180] ENERGY_PERF_BIAS: View and update with x86_energy_perf_policy(8)
[    0.011183] mce: CPU supports 9 MCE banks
[    0.011189] CPU0: Thermal monitoring enabled (TM1)
[    0.011198] process: using mwait in idle threads
[    0.011200] Last level iTLB entries: 4KB 512, 2MB 8, 4MB 8
[    0.011201] Last level dTLB entries: 4KB 512, 2MB 32, 4MB 32, 1GB 0
[    0.011294] Freeing SMP alternatives memory: 32K
[    0.015163] ftrace: allocating 34229 entries in 134 pages
[    0.026251] smpboot: Max logical packages: 2
[    0.026325] x2apic: IRQ remapping doesn't support X2APIC mode
[    0.026764] ..TIMER: vector=0x30 apic1=0 pin1=2 apic2=-1 pin2=-1
[    0.066452] TSC deadline timer enabled
[    0.066455] smpboot: CPU0: Intel(R) Core(TM) i7-3770 CPU @ 3.40GHz (family: 0x6, model: 0x3a, stepping: 0x9)
[    0.066491] Performance Events: PEBS fmt1+, IvyBridge events, 16-deep LBR, full-width counters, Intel PMU driver.
[    0.066505] ... version:                3
[    0.066505] ... bit width:              48
[    0.066505] ... generic registers:      4
[    0.066506] ... value mask:             0000ffffffffffff
[    0.066506] ... max period:             00007fffffffffff
[    0.066506] ... fixed-purpose events:   3
[    0.066507] ... event mask:             000000070000000f
[    0.067111] NMI watchdog: enabled on all CPUs, permanently consumes one hw-PMU counter.
[    0.067122] smp: Bringing up secondary CPUs ...
[    0.067172] x86: Booting SMP configuration:
[    0.067173] .... node  #0, CPUs:      #1 #2 #3 #4 #5 #6 #7
[    0.084198] smp: Brought up 1 node, 8 CPUs
[    0.084199] smpboot: Total of 8 processors activated (54273.56 BogoMIPS)
[    0.091050] devtmpfs: initialized
[    0.091092] x86/mm: Memory block size: 128MB
[    0.093327] evm: security.selinux
[    0.093328] evm: security.SMACK64
[    0.093328] evm: security.SMACK64EXEC
[    0.093328] evm: security.SMACK64TRANSMUTE
[    0.093328] evm: security.SMACK64MMAP
[    0.093329] evm: security.ima
[    0.093329] evm: security.capability
[    0.093375] PM: Registering ACPI NVS region [mem 0xde264000-0xdea93fff] (8585216 bytes)
[    0.093453] PM: Registering ACPI NVS region [mem 0xdf044000-0xdf086fff] (274432 bytes)
[    0.093495] clocksource: jiffies: mask: 0xffffffff max_cycles: 0xffffffff, max_idle_ns: 7645041785100000 ns
[    0.093505] futex hash table entries: 2048 (order: 5, 131072 bytes)
[    0.093544] pinctrl core: initialized pinctrl subsystem
[    0.093627] RTC time:  3:57:15, date: 11/17/17
[    0.093687] NET: Registered protocol family 16
[    0.106637] cpuidle: using governor ladder
[    0.122643] cpuidle: using governor menu
[    0.122645] PCCT header not found.
[    0.122689] ACPI: bus type PCI registered
[    0.122690] acpiphp: ACPI Hot Plug PCI Controller Driver version: 0.5
[    0.122746] PCI: MMCONFIG for domain 0000 [bus 00-3f] at [mem 0xf8000000-0xfbffffff] (base 0xf8000000)
[    0.122747] PCI: MMCONFIG at [mem 0xf8000000-0xfbffffff] reserved in E820
[    0.122755] PCI: Using configuration type 1 for base access
[    0.122798] core: PMU erratum BJ122, BV98, HSD29 worked around, HT is on
[    0.138787] HugeTLB registered 2 MB page size, pre-allocated 0 pages
[    0.138961] ACPI: Added _OSI(Module Device)
[    0.138962] ACPI: Added _OSI(Processor Device)
[    0.138962] ACPI: Added _OSI(3.0 _SCP Extensions)
[    0.138962] ACPI: Added _OSI(Processor Aggregator Device)
[    0.139118] ACPI: Executed 1 blocks of module-level executable AML code
[    0.143607] ACPI: Dynamic OEM Table Load:
[    0.143613] ACPI: SSDT 0xFFFF8AEA8ACFE000 00083B (v01 PmRef  Cpu0Cst  00003001 INTL 20051117)
[    0.143879] ACPI: Dynamic OEM Table Load:
[    0.143882] ACPI: SSDT 0xFFFF8AEA8AD19C00 000303 (v01 PmRef  ApIst    00003000 INTL 20051117)
[    0.144091] ACPI: Dynamic OEM Table Load:
[    0.144094] ACPI: SSDT 0xFFFF8AEA8AD26E00 000119 (v01 PmRef  ApCst    00003000 INTL 20051117)
[    0.145651] ACPI: Interpreter enabled
[    0.145670] ACPI: (supports S0 S3 S4 S5)
[    0.145670] ACPI: Using IOAPIC for interrupt routing
[    0.145690] PCI: Using host bridge windows from ACPI; if necessary, use "pci=nocrs" and report a bug
[    0.150795] ACPI: Power Resource [FN00] (off)
[    0.150848] ACPI: Power Resource [FN01] (off)
[    0.150901] ACPI: Power Resource [FN02] (off)
[    0.150954] ACPI: Power Resource [FN03] (off)
[    0.151005] ACPI: Power Resource [FN04] (off)
[    0.151289] ACPI: [Firmware Bug]: BIOS _OSI(Linux) query ignored
[    0.151534] ACPI: PCI Root Bridge [PCI0] (domain 0000 [bus 00-3e])
[    0.151537] acpi PNP0A08:00: _OSC: OS supports [ExtendedConfig ASPM ClockPM Segments MSI]
[    0.151694] acpi PNP0A08:00: _OSC: platform does not support [PCIeHotplug PME]
[    0.151779] acpi PNP0A08:00: _OSC: OS now controls [AER PCIeCapability]
[    0.152114] PCI host bridge to bus 0000:00
[    0.152116] pci_bus 0000:00: root bus resource [io  0x0000-0x0cf7 window]
[    0.152116] pci_bus 0000:00: root bus resource [io  0x0d00-0xffff window]
[    0.152117] pci_bus 0000:00: root bus resource [mem 0x000a0000-0x000bffff window]
[    0.152118] pci_bus 0000:00: root bus resource [mem 0x000d0000-0x000d3fff window]
[    0.152119] pci_bus 0000:00: root bus resource [mem 0x000d4000-0x000d7fff window]
[    0.152119] pci_bus 0000:00: root bus resource [mem 0x000d8000-0x000dbfff window]
[    0.152120] pci_bus 0000:00: root bus resource [mem 0x000dc000-0x000dffff window]
[    0.152121] pci_bus 0000:00: root bus resource [mem 0x000e0000-0x000e3fff window]
[    0.152121] pci_bus 0000:00: root bus resource [mem 0x000e4000-0x000e7fff window]
[    0.152122] pci_bus 0000:00: root bus resource [mem 0xe0000000-0xfeafffff window]
[    0.152123] pci_bus 0000:00: root bus resource [mem 0x41e000000-0x81dffffff window]
[    0.152124] pci_bus 0000:00: root bus resource [bus 00-3e]
[    0.152129] pci 0000:00:00.0: [8086:0150] type 00 class 0x060000
[    0.152201] pci 0000:00:01.0: [8086:0151] type 01 class 0x060400
[    0.152224] pci 0000:00:01.0: PME# supported from D0 D3hot D3cold
[    0.152258] pci 0000:00:01.0: System wakeup disabled by ACPI
[    0.152308] pci 0000:00:14.0: [8086:1e31] type 00 class 0x0c0330
[    0.152327] pci 0000:00:14.0: reg 0x10: [mem 0xf7120000-0xf712ffff 64bit]
[    0.152390] pci 0000:00:14.0: PME# supported from D3hot D3cold
[    0.152426] pci 0000:00:14.0: System wakeup disabled by ACPI
[    0.152455] pci 0000:00:16.0: [8086:1e3a] type 00 class 0x078000
[    0.152474] pci 0000:00:16.0: reg 0x10: [mem 0xf713c000-0xf713c00f 64bit]
[    0.152542] pci 0000:00:16.0: PME# supported from D0 D3hot D3cold
[    0.152603] pci 0000:00:16.3: [8086:1e3d] type 00 class 0x070002
[    0.152618] pci 0000:00:16.3: reg 0x10: [io  0xf0a0-0xf0a7]
[    0.152626] pci 0000:00:16.3: reg 0x14: [mem 0xf713a000-0xf713afff]
[    0.152748] pci 0000:00:19.0: [8086:1502] type 00 class 0x020000
[    0.152762] pci 0000:00:19.0: reg 0x10: [mem 0xf7100000-0xf711ffff]
[    0.152770] pci 0000:00:19.0: reg 0x14: [mem 0xf7139000-0xf7139fff]
[    0.152777] pci 0000:00:19.0: reg 0x18: [io  0xf040-0xf05f]
[    0.152832] pci 0000:00:19.0: PME# supported from D0 D3hot D3cold
[    0.152866] pci 0000:00:19.0: System wakeup disabled by ACPI
[    0.152895] pci 0000:00:1a.0: [8086:1e2d] type 00 class 0x0c0320
[    0.152911] pci 0000:00:1a.0: reg 0x10: [mem 0xf7138000-0xf71383ff]
[    0.152988] pci 0000:00:1a.0: PME# supported from D0 D3hot D3cold
[    0.153037] pci 0000:00:1a.0: System wakeup disabled by ACPI
[    0.153066] pci 0000:00:1b.0: [8086:1e20] type 00 class 0x040300
[    0.153080] pci 0000:00:1b.0: reg 0x10: [mem 0xf7130000-0xf7133fff 64bit]
[    0.153146] pci 0000:00:1b.0: PME# supported from D0 D3hot D3cold
[    0.153186] pci 0000:00:1b.0: System wakeup disabled by ACPI
[    0.153214] pci 0000:00:1d.0: [8086:1e26] type 00 class 0x0c0320
[    0.153230] pci 0000:00:1d.0: reg 0x10: [mem 0xf7137000-0xf71373ff]
[    0.153307] pci 0000:00:1d.0: PME# supported from D0 D3hot D3cold
[    0.153353] pci 0000:00:1d.0: System wakeup disabled by ACPI
[    0.153381] pci 0000:00:1e.0: [8086:244e] type 01 class 0x060401
[    0.153454] pci 0000:00:1e.0: System wakeup disabled by ACPI
[    0.153479] pci 0000:00:1f.0: [8086:1e53] type 00 class 0x060100
[    0.153627] pci 0000:00:1f.2: [8086:1e02] type 00 class 0x010601
[    0.153640] pci 0000:00:1f.2: reg 0x10: [io  0xf090-0xf097]
[    0.153646] pci 0000:00:1f.2: reg 0x14: [io  0xf080-0xf083]
[    0.153652] pci 0000:00:1f.2: reg 0x18: [io  0xf070-0xf077]
[    0.153658] pci 0000:00:1f.2: reg 0x1c: [io  0xf060-0xf063]
[    0.153665] pci 0000:00:1f.2: reg 0x20: [io  0xf020-0xf03f]
[    0.153672] pci 0000:00:1f.2: reg 0x24: [mem 0xf7136000-0xf71367ff]
[    0.153708] pci 0000:00:1f.2: PME# supported from D3hot
[    0.153766] pci 0000:00:1f.3: [8086:1e22] type 00 class 0x0c0500
[    0.153780] pci 0000:00:1f.3: reg 0x10: [mem 0xf7135000-0xf71350ff 64bit]
[    0.153798] pci 0000:00:1f.3: reg 0x20: [io  0xf000-0xf01f]
[    0.153894] pci 0000:01:00.0: [10de:0df8] type 00 class 0x030000
[    0.153903] pci 0000:01:00.0: reg 0x10: [mem 0xf6000000-0xf6ffffff]
[    0.153910] pci 0000:01:00.0: reg 0x14: [mem 0xe8000000-0xefffffff 64bit pref]
[    0.153917] pci 0000:01:00.0: reg 0x1c: [mem 0xf0000000-0xf1ffffff 64bit pref]
[    0.153922] pci 0000:01:00.0: reg 0x24: [io  0xe000-0xe07f]
[    0.153927] pci 0000:01:00.0: reg 0x30: [mem 0xf7000000-0xf707ffff pref]
[    0.153991] pci 0000:01:00.1: [10de:0bea] type 00 class 0x040300
[    0.153999] pci 0000:01:00.1: reg 0x10: [mem 0xf7080000-0xf7083fff]
[    0.162678] pci 0000:00:01.0: PCI bridge to [bus 01]
[    0.162681] pci 0000:00:01.0:   bridge window [io  0xe000-0xefff]
[    0.162684] pci 0000:00:01.0:   bridge window [mem 0xf6000000-0xf70fffff]
[    0.162687] pci 0000:00:01.0:   bridge window [mem 0xe8000000-0xf1ffffff 64bit pref]
[    0.162769] pci 0000:00:1e.0: PCI bridge to [bus 02] (subtractive decode)
[    0.162778] pci 0000:00:1e.0:   bridge window [io  0x0000-0x0cf7 window] (subtractive decode)
[    0.162778] pci 0000:00:1e.0:   bridge window [io  0x0d00-0xffff window] (subtractive decode)
[    0.162779] pci 0000:00:1e.0:   bridge window [mem 0x000a0000-0x000bffff window] (subtractive decode)
[    0.162780] pci 0000:00:1e.0:   bridge window [mem 0x000d0000-0x000d3fff window] (subtractive decode)
[    0.162781] pci 0000:00:1e.0:   bridge window [mem 0x000d4000-0x000d7fff window] (subtractive decode)
[    0.162782] pci 0000:00:1e.0:   bridge window [mem 0x000d8000-0x000dbfff window] (subtractive decode)
[    0.162783] pci 0000:00:1e.0:   bridge window [mem 0x000dc000-0x000dffff window] (subtractive decode)
[    0.162784] pci 0000:00:1e.0:   bridge window [mem 0x000e0000-0x000e3fff window] (subtractive decode)
[    0.162784] pci 0000:00:1e.0:   bridge window [mem 0x000e4000-0x000e7fff window] (subtractive decode)
[    0.162785] pci 0000:00:1e.0:   bridge window [mem 0xe0000000-0xfeafffff window] (subtractive decode)
[    0.162786] pci 0000:00:1e.0:   bridge window [mem 0x41e000000-0x81dffffff window] (subtractive decode)
[    0.163296] ACPI: PCI Interrupt Link [LNKA] (IRQs 3 4 5 6 10 *11 12 14 15)
[    0.163335] ACPI: PCI Interrupt Link [LNKB] (IRQs 3 4 5 6 *10 11 12 14 15)
[    0.163373] ACPI: PCI Interrupt Link [LNKC] (IRQs 3 4 *5 6 10 11 12 14 15)
[    0.163411] ACPI: PCI Interrupt Link [LNKD] (IRQs 3 4 *5 6 10 11 12 14 15)
[    0.163449] ACPI: PCI Interrupt Link [LNKE] (IRQs *3 4 5 6 10 11 12 14 15)
[    0.163485] ACPI: PCI Interrupt Link [LNKF] (IRQs 3 4 5 6 10 11 12 14 15) *0, disabled.
[    0.163522] ACPI: PCI Interrupt Link [LNKG] (IRQs 3 4 5 6 10 *11 12 14 15)
[    0.163560] ACPI: PCI Interrupt Link [LNKH] (IRQs 3 4 5 6 *10 11 12 14 15)
[    0.163759] ACPI: Enabled 5 GPEs in block 00 to 3F
[    0.163963] SCSI subsystem initialized
[    0.163998] libata version 3.00 loaded.
[    0.164029] pci 0000:01:00.0: vgaarb: setting as boot VGA device
[    0.164030] pci 0000:01:00.0: vgaarb: VGA device added: decodes=io+mem,owns=io+mem,locks=none
[    0.164031] pci 0000:01:00.0: vgaarb: bridge control possible
[    0.164031] vgaarb: loaded
[    0.164049] ACPI: bus type USB registered
[    0.164060] usbcore: registered new interface driver usbfs
[    0.164065] usbcore: registered new interface driver hub
[    0.164080] usbcore: registered new device driver usb
[    0.164146] PCI: Using ACPI for IRQ routing
[    0.165561] PCI: pci_cache_line_size set to 64 bytes
[    0.165599] e820: reserve RAM buffer [mem 0x0009d800-0x0009ffff]
[    0.165600] e820: reserve RAM buffer [mem 0xdddbc000-0xdfffffff]
[    0.165601] e820: reserve RAM buffer [mem 0xde264000-0xdfffffff]
[    0.165602] e820: reserve RAM buffer [mem 0xdf044000-0xdfffffff]
[    0.165603] e820: reserve RAM buffer [mem 0xdf4af000-0xdfffffff]
[    0.165603] e820: reserve RAM buffer [mem 0xdf800000-0xdfffffff]
[    0.165604] e820: reserve RAM buffer [mem 0x41e000000-0x41fffffff]
[    0.165669] NetLabel: Initializing
[    0.165670] NetLabel:  domain hash size = 128
[    0.165670] NetLabel:  protocols = UNLABELED CIPSOv4 CALIPSO
[    0.165680] NetLabel:  unlabeled traffic allowed by default
[    0.165738] hpet0: at MMIO 0xfed00000, IRQs 2, 8, 0, 0, 0, 0, 0, 0
[    0.165741] hpet0: 8 comparators, 64-bit 14.318180 MHz counter
[    0.167763] clocksource: Switched to clocksource hpet
[    0.172982] VFS: Disk quotas dquot_6.6.0
[    0.172997] VFS: Dquot-cache hash table entries: 512 (order 0, 4096 bytes)
[    0.173062] AppArmor: AppArmor Filesystem Enabled
[    0.173098] pnp: PnP ACPI init
[    0.173209] system 00:00: [io  0x0680-0x069f] has been reserved
[    0.173210] system 00:00: [io  0x0200-0x020f] has been reserved
[    0.173211] system 00:00: [io  0xffff] has been reserved
[    0.173211] system 00:00: [io  0xffff] has been reserved
[    0.173212] system 00:00: [io  0x0400-0x0453] has been reserved
[    0.173213] system 00:00: [io  0x0458-0x047f] has been reserved
[    0.173214] system 00:00: [io  0x0500-0x057f] has been reserved
[    0.173215] system 00:00: [io  0x164e-0x164f] has been reserved
[    0.173217] system 00:00: Plug and Play ACPI device, IDs PNP0c02 (active)
[    0.173235] pnp 00:01: Plug and Play ACPI device, IDs PNP0b00 (active)
[    0.173267] system 00:02: [io  0x0454-0x0457] has been reserved
[    0.173268] system 00:02: Plug and Play ACPI device, IDs INT3f0d PNP0c02 (active)
[    0.173374] system 00:03: [io  0x0a00-0x0a2f] has been reserved
[    0.173374] system 00:03: [io  0x0a30-0x0a3f] has been reserved
[    0.173375] system 00:03: [io  0x0a40-0x0a4f] has been reserved
[    0.173376] system 00:03: [io  0x0218-0x0219] has been reserved
[    0.173378] system 00:03: Plug and Play ACPI device, IDs PNP0c02 (active)
[    0.173417] system 00:04: [io  0x04d0-0x04d1] has been reserved
[    0.173418] system 00:04: Plug and Play ACPI device, IDs PNP0c02 (active)
[    0.173560] pnp 00:05: [dma 0 disabled]
[    0.173588] pnp 00:05: Plug and Play ACPI device, IDs PNP0501 (active)
[    0.173794] pnp 00:06: Plug and Play ACPI device, IDs PNP0c31 (active)
[    0.173936] system 00:07: [mem 0xfed1c000-0xfed1ffff] has been reserved
[    0.173937] system 00:07: [mem 0xfed10000-0xfed17fff] has been reserved
[    0.173938] system 00:07: [mem 0xfed18000-0xfed18fff] has been reserved
[    0.173939] system 00:07: [mem 0xfed19000-0xfed19fff] has been reserved
[    0.173940] system 00:07: [mem 0xf8000000-0xfbffffff] has been reserved
[    0.173941] system 00:07: [mem 0xfed20000-0xfed3ffff] has been reserved
[    0.173942] system 00:07: [mem 0xfed90000-0xfed93fff] has been reserved
[    0.173942] system 00:07: [mem 0xfed45000-0xfed8ffff] has been reserved
[    0.173943] system 00:07: [mem 0xff000000-0xffffffff] has been reserved
[    0.173944] system 00:07: [mem 0xfee00000-0xfeefffff] could not be reserved
[    0.173945] system 00:07: [mem 0xe0000000-0xe0000fff] has been reserved
[    0.173947] system 00:07: Plug and Play ACPI device, IDs PNP0c02 (active)
[    0.174077] pnp: PnP ACPI: found 8 devices
[    0.179988] clocksource: acpi_pm: mask: 0xffffff max_cycles: 0xffffff, max_idle_ns: 2085701024 ns
[    0.180005] pci 0000:00:01.0: PCI bridge to [bus 01]
[    0.180007] pci 0000:00:01.0:   bridge window [io  0xe000-0xefff]
[    0.180009] pci 0000:00:01.0:   bridge window [mem 0xf6000000-0xf70fffff]
[    0.180010] pci 0000:00:01.0:   bridge window [mem 0xe8000000-0xf1ffffff 64bit pref]
[    0.180013] pci 0000:00:1e.0: PCI bridge to [bus 02]
[    0.180025] pci_bus 0000:00: resource 4 [io  0x0000-0x0cf7 window]
[    0.180026] pci_bus 0000:00: resource 5 [io  0x0d00-0xffff window]
[    0.180027] pci_bus 0000:00: resource 6 [mem 0x000a0000-0x000bffff window]
[    0.180028] pci_bus 0000:00: resource 7 [mem 0x000d0000-0x000d3fff window]
[    0.180028] pci_bus 0000:00: resource 8 [mem 0x000d4000-0x000d7fff window]
[    0.180029] pci_bus 0000:00: resource 9 [mem 0x000d8000-0x000dbfff window]
[    0.180030] pci_bus 0000:00: resource 10 [mem 0x000dc000-0x000dffff window]
[    0.180031] pci_bus 0000:00: resource 11 [mem 0x000e0000-0x000e3fff window]
[    0.180031] pci_bus 0000:00: resource 12 [mem 0x000e4000-0x000e7fff window]
[    0.180032] pci_bus 0000:00: resource 13 [mem 0xe0000000-0xfeafffff window]
[    0.180033] pci_bus 0000:00: resource 14 [mem 0x41e000000-0x81dffffff window]
[    0.180034] pci_bus 0000:01: resource 0 [io  0xe000-0xefff]
[    0.180035] pci_bus 0000:01: resource 1 [mem 0xf6000000-0xf70fffff]
[    0.180035] pci_bus 0000:01: resource 2 [mem 0xe8000000-0xf1ffffff 64bit pref]
[    0.180036] pci_bus 0000:02: resource 4 [io  0x0000-0x0cf7 window]
[    0.180037] pci_bus 0000:02: resource 5 [io  0x0d00-0xffff window]
[    0.180038] pci_bus 0000:02: resource 6 [mem 0x000a0000-0x000bffff window]
[    0.180039] pci_bus 0000:02: resource 7 [mem 0x000d0000-0x000d3fff window]
[    0.180039] pci_bus 0000:02: resource 8 [mem 0x000d4000-0x000d7fff window]
[    0.180040] pci_bus 0000:02: resource 9 [mem 0x000d8000-0x000dbfff window]
[    0.180041] pci_bus 0000:02: resource 10 [mem 0x000dc000-0x000dffff window]
[    0.180042] pci_bus 0000:02: resource 11 [mem 0x000e0000-0x000e3fff window]
[    0.180042] pci_bus 0000:02: resource 12 [mem 0x000e4000-0x000e7fff window]
[    0.180043] pci_bus 0000:02: resource 13 [mem 0xe0000000-0xfeafffff window]
[    0.180044] pci_bus 0000:02: resource 14 [mem 0x41e000000-0x81dffffff window]
[    0.180105] NET: Registered protocol family 2
[    0.180236] TCP established hash table entries: 131072 (order: 8, 1048576 bytes)
[    0.180381] TCP bind hash table entries: 65536 (order: 8, 1048576 bytes)
[    0.180486] TCP: Hash tables configured (established 131072 bind 65536)
[    0.180504] UDP hash table entries: 8192 (order: 6, 262144 bytes)
[    0.180537] UDP-Lite hash table entries: 8192 (order: 6, 262144 bytes)
[    0.180587] NET: Registered protocol family 1
[    0.227885] pci 0000:01:00.0: Video device with shadowed ROM at [mem 0x000c0000-0x000dffff]
[    0.227891] PCI: CLS 64 bytes, default 64
[    0.227923] Unpacking initramfs...
[    0.663563] Freeing initrd memory: 40836K
[    0.663566] PCI-DMA: Using software bounce buffering for IO (SWIOTLB)
[    0.663568] software IO TLB [mem 0xd9dbc000-0xdddbc000] (64MB) mapped at [ffff8ae759dbc000-ffff8ae75ddbbfff]
[    0.663836] Scanning for low memory corruption every 60 seconds
[    0.664096] audit: initializing netlink subsys (disabled)
[    0.664128] audit: type=2000 audit(1510891035.656:1): initialized
[    0.664401] Initialise system trusted keyrings
[    0.664467] workingset: timestamp_bits=36 max_order=22 bucket_order=0
[    0.665403] zbud: loaded
[    0.665715] squashfs: version 4.0 (2009/01/31) Phillip Lougher
[    0.665843] fuse init (API version 7.26)
[    0.666922] Key type asymmetric registered
[    0.666923] Asymmetric key parser 'x509' registered
[    0.666945] Block layer SCSI generic (bsg) driver version 0.4 loaded (major 248)
[    0.666970] io scheduler noop registered
[    0.666970] io scheduler deadline registered
[    0.666976] io scheduler cfq registered (default)
[    0.667223] vesafb: mode is 1280x800x32, linelength=5120, pages=0
[    0.667224] vesafb: scrolling: redraw
[    0.667225] vesafb: Truecolor: size=8:8:8:8, shift=24:16:8:0
[    0.667231] vesafb: framebuffer at 0xf1000000, mapped to 0xffffb59e42400000, using 4032k, total 4032k
[    0.667292] Console: switching to colour frame buffer device 160x50
[    0.667304] fb0: VESA VGA frame buffer device
[    0.667312] intel_idle: MWAIT substates: 0x1120
[    0.667313] intel_idle: v0.4.1 model 0x3A
[    0.667532] intel_idle: lapic_timer_reliable_states 0xffffffff
[    0.667587] input: Power Button as /devices/LNXSYSTM:00/LNXSYBUS:00/PNP0C0C:00/input/input0
[    0.667590] ACPI: Power Button [PWRB]
[    0.667613] input: Power Button as /devices/LNXSYSTM:00/LNXPWRBN:00/input/input1
[    0.667614] ACPI: Power Button [PWRF]
[    0.668096] (NULL device *): hwmon_device_register() is deprecated. Please convert the driver to use hwmon_device_register_with_info().
[    0.668189] thermal LNXTHERM:00: registered as thermal_zone0
[    0.668189] ACPI: Thermal Zone [TZ00] (28 C)
[    0.668344] thermal LNXTHERM:01: registered as thermal_zone1
[    0.668345] ACPI: Thermal Zone [TZ01] (30 C)
[    0.668360] GHES: HEST is not enabled!
[    0.668411] Serial: 8250/16550 driver, 32 ports, IRQ sharing enabled
[    0.689507] 00:05: ttyS0 at I/O 0x3f8 (irq = 4, base_baud = 115200) is a 16550A
[    0.710771] 0000:00:16.3: ttyS4 at I/O 0xf0a0 (irq = 19, base_baud = 115200) is a 16550A
[    0.710961] Linux agpgart interface v0.103
[    0.739840] tpm_tis 00:06: 1.2 TPM (device-id 0xFE, rev-id 71)
[    0.867853] tpm tpm0: A TPM error (6) occurred attempting to read a pcr value
[    0.867856] tpm tpm0: TPM is disabled/deactivated (0x6)
[    0.869923] loop: module loaded
[    0.870026] libphy: Fixed MDIO Bus: probed
[    0.870026] tun: Universal TUN/TAP device driver, 1.6
[    0.870027] tun: (C) 1999-2004 Max Krasnyansky <maxk@qualcomm.com>
[    0.870055] PPP generic driver version 2.4.2
[    0.870089] ehci_hcd: USB 2.0 'Enhanced' Host Controller (EHCI) Driver
[    0.870090] ehci-pci: EHCI PCI platform driver
[    0.870177] ehci-pci 0000:00:1a.0: EHCI Host Controller
[    0.870180] ehci-pci 0000:00:1a.0: new USB bus registered, assigned bus number 1
[    0.870193] ehci-pci 0000:00:1a.0: debug port 2
[    0.874084] ehci-pci 0000:00:1a.0: cache line size of 64 is not supported
[    0.874092] ehci-pci 0000:00:1a.0: irq 16, io mem 0xf7138000
[    0.887820] ehci-pci 0000:00:1a.0: USB 2.0 started, EHCI 1.00
[    0.887845] usb usb1: New USB device found, idVendor=1d6b, idProduct=0002
[    0.887846] usb usb1: New USB device strings: Mfr=3, Product=2, SerialNumber=1
[    0.887846] usb usb1: Product: EHCI Host Controller
[    0.887847] usb usb1: Manufacturer: Linux 4.10.0-38-generic ehci_hcd
[    0.887848] usb usb1: SerialNumber: 0000:00:1a.0
[    0.887932] hub 1-0:1.0: USB hub found
[    0.887936] hub 1-0:1.0: 3 ports detected
[    0.888118] ehci-pci 0000:00:1d.0: EHCI Host Controller
[    0.888120] ehci-pci 0000:00:1d.0: new USB bus registered, assigned bus number 2
[    0.888132] ehci-pci 0000:00:1d.0: debug port 2
[    0.892030] ehci-pci 0000:00:1d.0: cache line size of 64 is not supported
[    0.892036] ehci-pci 0000:00:1d.0: irq 23, io mem 0xf7137000
[    0.907821] ehci-pci 0000:00:1d.0: USB 2.0 started, EHCI 1.00
[    0.907838] usb usb2: New USB device found, idVendor=1d6b, idProduct=0002
[    0.907839] usb usb2: New USB device strings: Mfr=3, Product=2, SerialNumber=1
[    0.907840] usb usb2: Product: EHCI Host Controller
[    0.907841] usb usb2: Manufacturer: Linux 4.10.0-38-generic ehci_hcd
[    0.907841] usb usb2: SerialNumber: 0000:00:1d.0
[    0.907917] hub 2-0:1.0: USB hub found
[    0.907920] hub 2-0:1.0: 3 ports detected
[    0.908011] ehci-platform: EHCI generic platform driver
[    0.908017] ohci_hcd: USB 1.1 'Open' Host Controller (OHCI) Driver
[    0.908019] ohci-pci: OHCI PCI platform driver
[    0.908024] ohci-platform: OHCI generic platform driver
[    0.908028] uhci_hcd: USB Universal Host Controller Interface driver
[    0.908111] xhci_hcd 0000:00:14.0: xHCI Host Controller
[    0.908114] xhci_hcd 0000:00:14.0: new USB bus registered, assigned bus number 3
[    0.909198] xhci_hcd 0000:00:14.0: hcc params 0x20007181 hci version 0x100 quirks 0x0000b930
[    0.909202] xhci_hcd 0000:00:14.0: cache line size of 64 is not supported
[    0.909265] usb usb3: New USB device found, idVendor=1d6b, idProduct=0002
[    0.909265] usb usb3: New USB device strings: Mfr=3, Product=2, SerialNumber=1
[    0.909266] usb usb3: Product: xHCI Host Controller
[    0.909267] usb usb3: Manufacturer: Linux 4.10.0-38-generic xhci-hcd
[    0.909267] usb usb3: SerialNumber: 0000:00:14.0
[    0.909342] hub 3-0:1.0: USB hub found
[    0.909352] hub 3-0:1.0: 4 ports detected
[    0.909597] xhci_hcd 0000:00:14.0: xHCI Host Controller
[    0.909598] xhci_hcd 0000:00:14.0: new USB bus registered, assigned bus number 4
[    0.909623] usb usb4: New USB device found, idVendor=1d6b, idProduct=0003
[    0.909623] usb usb4: New USB device strings: Mfr=3, Product=2, SerialNumber=1
[    0.909624] usb usb4: Product: xHCI Host Controller
[    0.909625] usb usb4: Manufacturer: Linux 4.10.0-38-generic xhci-hcd
[    0.909625] usb usb4: SerialNumber: 0000:00:14.0
[    0.909694] hub 4-0:1.0: USB hub found
[    0.909703] hub 4-0:1.0: 4 ports detected
[    0.909964] i8042: PNP: No PS/2 controller found.
[    0.910018] mousedev: PS/2 mouse device common for all mice
[    0.910110] rtc_cmos 00:01: RTC can wake from S4
[    0.910225] rtc_cmos 00:01: rtc core: registered rtc_cmos as rtc0
[    0.910252] rtc_cmos 00:01: alarms up to one month, y3k, 242 bytes nvram, hpet irqs
[    0.910255] i2c /dev entries driver
[    0.910283] device-mapper: uevent: version 1.0.3
[    0.910328] device-mapper: ioctl: 4.35.0-ioctl (2016-06-23) initialised: dm-devel@redhat.com
[    0.910331] intel_pstate: Intel P-state driver initializing
[    0.910717] ledtrig-cpu: registered to indicate activity on CPUs
[    0.910995] NET: Registered protocol family 10
[    0.913711] Segment Routing with IPv6
[    0.913721] NET: Registered protocol family 17
[    0.913726] Key type dns_resolver registered
[    0.914146] microcode: sig=0x306a9, pf=0x2, revision=0x15
[    0.914233] microcode: Microcode Update Driver: v2.2.
[    0.914314] registered taskstats version 1
[    0.914319] Loading compiled-in X.509 certificates
[    0.915976] Loaded X.509 cert 'Build time autogenerated kernel key: 0e953fd717aa51b8d9e0128dd1af1f8370b86949'
[    0.915987] zswap: loaded using pool lzo/zbud
[    0.923035] Key type big_key registered
[    0.923037] Key type trusted registered
[    0.924164] Key type encrypted registered
[    0.924165] AppArmor: AppArmor sha1 policy hashing enabled
[    0.955855] tpm tpm0: A TPM error (6) occurred attempting to read a pcr value
[    0.955856] ima: No TPM chip found, activating TPM-bypass! (rc=6)
[    0.955867] evm: HMAC attrs: 0x1
[    0.955992]   Magic number: 9:67:968
[    0.956040] memory memory19: hash matches
[    0.956113] rtc_cmos 00:01: setting system clock to 2017-11-17 03:57:16 UTC (1510891036)
[    0.956200] BIOS EDD facility v0.16 2004-Jun-25, 0 devices found
[    0.956200] EDD information not available.
